Component: ARM Compiler 5.06 update 3 (build 300) Tool: armlink [4d35c9]

==============================================================================

Section Cross References

    stm32f4xx_hal_pwr_ex.o(i.HAL_PWREx_ControlVoltageScaling) refers to stm32f4xx_hal.o(i.HAL_GetTick) for HAL_GetTick
    stm32f4xx_hal_pwr_ex.o(i.HAL_PWREx_DisableBkUpReg) refers to stm32f4xx_hal.o(i.HAL_GetTick) for HAL_GetTick
    stm32f4xx_hal_pwr_ex.o(i.HAL_PWREx_EnableBkUpReg) refers to stm32f4xx_hal.o(i.HAL_GetTick) for HAL_GetTick
    stm32f4xx_hal_dma_ex.o(i.HAL_DMAEx_MultiBufferStart) refers to stm32f4xx_hal_dma_ex.o(i.DMA_MultiBufferSetConfig) for DMA_MultiBufferSetConfig
    stm32f4xx_hal_dma_ex.o(i.HAL_DMAEx_MultiBufferStart_IT) refers to stm32f4xx_hal_dma_ex.o(i.DMA_MultiBufferSetConfig) for DMA_MultiBufferSetConfig
    stm32f4xx_hal_rcc.o(i.HAL_RCC_ClockConfig) refers to stm32f4xx_hal.o(i.HAL_GetTick) for HAL_GetTick
    stm32f4xx_hal_rcc.o(i.HAL_RCC_ClockConfig) refers to stm32f4xx_hal_rcc.o(i.HAL_RCC_GetSysClockFreq) for HAL_RCC_GetSysClockFreq
    stm32f4xx_hal_rcc.o(i.HAL_RCC_ClockConfig) refers to stm32f4xx_hal.o(i.HAL_InitTick) for HAL_InitTick
    stm32f4xx_hal_rcc.o(i.HAL_RCC_ClockConfig) refers to stm32f4xx_hal_rcc.o(.constdata) for APBAHBPrescTable
    stm32f4xx_hal_rcc.o(i.HAL_RCC_ClockConfig) refers to system_stm32f4xx.o(.data) for SystemCoreClock
    stm32f4xx_hal_rcc.o(i.HAL_RCC_GetHCLKFreq) refers to system_stm32f4xx.o(.data) for SystemCoreClock
    stm32f4xx_hal_rcc.o(i.HAL_RCC_GetPCLK1Freq) refers to stm32f4xx_hal_rcc.o(i.HAL_RCC_GetHCLKFreq) for HAL_RCC_GetHCLKFreq
    stm32f4xx_hal_rcc.o(i.HAL_RCC_GetPCLK1Freq) refers to stm32f4xx_hal_rcc.o(.constdata) for APBAHBPrescTable
    stm32f4xx_hal_rcc.o(i.HAL_RCC_GetPCLK2Freq) refers to stm32f4xx_hal_rcc.o(i.HAL_RCC_GetHCLKFreq) for HAL_RCC_GetHCLKFreq
    stm32f4xx_hal_rcc.o(i.HAL_RCC_GetPCLK2Freq) refers to stm32f4xx_hal_rcc.o(.constdata) for APBAHBPrescTable
    stm32f4xx_hal_rcc.o(i.HAL_RCC_MCOConfig) refers to stm32f4xx_hal_gpio.o(i.HAL_GPIO_Init) for HAL_GPIO_Init
    stm32f4xx_hal_rcc.o(i.HAL_RCC_NMI_IRQHandler) refers to stm32f4xx_hal_rcc.o(i.HAL_RCC_CSSCallback) for HAL_RCC_CSSCallback
    stm32f4xx_hal_rcc.o(i.HAL_RCC_OscConfig) refers to stm32f4xx_hal.o(i.HAL_GetTick) for HAL_GetTick
    stm32f4xx_hal_uart.o(i.HAL_HalfDuplex_Init) refers to stm32f4xx_hal_msp.o(i.HAL_UART_MspInit) for HAL_UART_MspInit
    stm32f4xx_hal_uart.o(i.HAL_HalfDuplex_Init) refers to stm32f4xx_hal_uart.o(i.UART_SetConfig) for UART_SetConfig
    stm32f4xx_hal_uart.o(i.HAL_LIN_Init) refers to stm32f4xx_hal_msp.o(i.HAL_UART_MspInit) for HAL_UART_MspInit
    stm32f4xx_hal_uart.o(i.HAL_LIN_Init) refers to stm32f4xx_hal_uart.o(i.UART_SetConfig) for UART_SetConfig
    stm32f4xx_hal_uart.o(i.HAL_MultiProcessor_Init) refers to stm32f4xx_hal_msp.o(i.HAL_UART_MspInit) for HAL_UART_MspInit
    stm32f4xx_hal_uart.o(i.HAL_MultiProcessor_Init) refers to stm32f4xx_hal_uart.o(i.UART_SetConfig) for UART_SetConfig
    stm32f4xx_hal_uart.o(i.HAL_UART_DMAStop) refers to stm32f4xx_hal_dma.o(i.HAL_DMA_Abort) for HAL_DMA_Abort
    stm32f4xx_hal_uart.o(i.HAL_UART_DMAStop) refers to stm32f4xx_hal_uart.o(i.UART_EndTxTransfer) for UART_EndTxTransfer
    stm32f4xx_hal_uart.o(i.HAL_UART_DMAStop) refers to stm32f4xx_hal_uart.o(i.UART_EndRxTransfer) for UART_EndRxTransfer
    stm32f4xx_hal_uart.o(i.HAL_UART_DeInit) refers to stm32f4xx_hal_msp.o(i.HAL_UART_MspDeInit) for HAL_UART_MspDeInit
    stm32f4xx_hal_uart.o(i.HAL_UART_IRQHandler) refers to stm32f4xx_hal_uart.o(i.UART_Receive_IT) for UART_Receive_IT
    stm32f4xx_hal_uart.o(i.HAL_UART_IRQHandler) refers to stm32f4xx_hal_uart.o(i.UART_EndRxTransfer) for UART_EndRxTransfer
    stm32f4xx_hal_uart.o(i.HAL_UART_IRQHandler) refers to stm32f4xx_hal_dma.o(i.HAL_DMA_Abort_IT) for HAL_DMA_Abort_IT
    stm32f4xx_hal_uart.o(i.HAL_UART_IRQHandler) refers to stm32f4xx_hal_uart.o(i.HAL_UART_ErrorCallback) for HAL_UART_ErrorCallback
    stm32f4xx_hal_uart.o(i.HAL_UART_IRQHandler) refers to stm32f4xx_hal_uart.o(i.UART_Transmit_IT) for UART_Transmit_IT
    stm32f4xx_hal_uart.o(i.HAL_UART_IRQHandler) refers to stm32f4xx_hal_uart.o(i.UART_EndTransmit_IT) for UART_EndTransmit_IT
    stm32f4xx_hal_uart.o(i.HAL_UART_IRQHandler) refers to stm32f4xx_hal_uart.o(i.UART_DMAAbortOnError) for UART_DMAAbortOnError
    stm32f4xx_hal_uart.o(i.HAL_UART_Init) refers to stm32f4xx_hal_msp.o(i.HAL_UART_MspInit) for HAL_UART_MspInit
    stm32f4xx_hal_uart.o(i.HAL_UART_Init) refers to stm32f4xx_hal_uart.o(i.UART_SetConfig) for UART_SetConfig
    stm32f4xx_hal_uart.o(i.HAL_UART_Receive) refers to stm32f4xx_hal.o(i.HAL_GetTick) for HAL_GetTick
    stm32f4xx_hal_uart.o(i.HAL_UART_Receive) refers to stm32f4xx_hal_uart.o(i.UART_WaitOnFlagUntilTimeout) for UART_WaitOnFlagUntilTimeout
    stm32f4xx_hal_uart.o(i.HAL_UART_Receive_DMA) refers to stm32f4xx_hal_dma.o(i.HAL_DMA_Start_IT) for HAL_DMA_Start_IT
[...]
    .data                                    0x20000110   Section       33  usbh_cdc.o(.data)
    .data                                    0x20000134   Section        4  rand.o(.data)
    _rand_state                              0x20000134   Data           4  rand.o(.data)
    .data                                    0x20000138   Section        4  mvars.o(.data)
    .data                                    0x2000013c   Section        4  mvars.o(.data)
    .bss                                     0x20000140   Section       64  main.o(.bss)
    .bss                                     0x20000180   Section      968  usb_host.o(.bss)
    .bss                                     0x20000548   Section    12520  ethernetif.o(.bss)
    .bss                                     0x20003630   Section      664  usbh_conf.o(.bss)
    .bss                                     0x200038c8   Section       52  lwip.o(.bss)
    .bss                                     0x200038fc   Section     1620  mem.o(.bss)
    .bss                                     0x20003f50   Section    11952  memp.o(.bss)
    .bss                                     0x20006e00   Section       50  dhcp.o(.bss)
    .bss                                     0x20006e34   Section      240  etharp.o(.bss)
    arp_table                                0x20006e34   Data         240  etharp.o(.bss)
    .bss                                     0x20006f24   Section       24  ip4.o(.bss)
    .bss                                     0x20006f3c   Section       16  tcp_in.o(.bss)
    inseg                                    0x20006f3c   Data          16  tcp_in.o(.bss)
    .bss                                     0x20006f4c   Section      108  usbh_core.o(.bss)
    .bss                                     0x20006fb8   Section      280  rndis.o(.bss)
    HEAP                                     0x200070d0   Section      512  startup_stm32f407xx.o(HEAP)
    STACK                                    0x200072d0   Section     1024  startup_stm32f407xx.o(STACK)

    Global Symbols

    Symbol Name                              Value     Ov Type        Size  Object(Section)

    BuildAttributes$$THM_ISAv4$E$P$D$K$B$S$7EM$VFPi3$EXTD16$VFPS$VFMA$PE$A:L22UL41UL21$X:L11$S22US41US21$IEEE1$IW$USESV6$~STKCKD$USESV7$~SHL$OSPACE$EBA8$MICROLIB$REQ8$PRES8$EABIv2 0x00000000   Number         0  anon$$obj.o ABSOLUTE
    __ARM_use_no_argv                        0x00000000   Number         0  main.o ABSOLUTE
    __cpp_initialize__aeabi_                  - Undefined Weak Reference
    __cxa_finalize                            - Undefined Weak Reference
    _clock_init                               - Undefined Weak Reference
    _microlib_exit                            - Undefined Weak Reference
    __Vectors_Size                           0x00000188   Number         0  startup_stm32f407xx.o ABSOLUTE
    __Vectors                                0x08000000   Data           4  startup_stm32f407xx.o(RESET)
    __Vectors_End                            0x08000188   Data           0  startup_stm32f407xx.o(RESET)
    __main                                   0x08000189   Thumb Code     0  entry.o(.ARM.Collect$$$$00000000)
    _main_stk                                0x08000189   Thumb Code     0  entry2.o(.ARM.Collect$$$$00000001)
    _main_scatterload                        0x0800018d   Thumb Code     0  entry5.o(.ARM.Collect$$$$00000004)
    __main_after_scatterload                 0x08000191   Thumb Code     0  entry5.o(.ARM.Collect$$$$00000004)
    _main_clock                              0x08000191   Thumb Code     0  entry7b.o(.ARM.Collect$$$$00000008)
    _main_cpp_init                           0x08000191   Thumb Code     0  entry8b.o(.ARM.Collect$$$$0000000A)
    _main_init                               0x08000191   Thumb Code     0  entry9a.o(.ARM.Collect$$$$0000000B)
    __rt_final_cpp                           0x08000199   Thumb Code     0  entry10a.o(.ARM.Collect$$$$0000000D)
    __rt_final_exit                          0x08000199   Thumb Code     0  entry11a.o(.ARM.Collect$$$$0000000F)
    Reset_Handler                            0x0800019d   Thumb Code     8  startup_stm32f407xx.o(.text)
    ADC_IRQHandler                           0x080001b7   Thumb Code     0  startup_stm32f407xx.o(.text)
    CAN1_RX0_IRQHandler                      0x080001b7   Thumb Code     0  startup_stm32f407xx.o(.text)
    CAN1_RX1_IRQHandler                      0x080001b7   Thumb Code     0  startup_stm32f407xx.o(.text)
    CAN1_SCE_IRQHandler                      0x080001b7   Thumb Code     0  startup_stm32f407xx.o(.text)
    CAN1_TX_IRQHandler                       0x080001b7   Thumb Code     0  startup_stm32f407xx.o(.text)
    CAN2_RX0_IRQHandler                      0x080001b7   Thumb Code     0  startup_stm32f407xx.o(.text)
    CAN2_RX1_IRQHandler                      0x080001b7   Thumb Code     0  startup_stm32f407xx.o(.text)
    CAN2_SCE_IRQHandler                      0x080001b7   Thumb Code     0  startup_stm32f407xx.o(.text)
    CAN2_TX_IRQHandler                       0x080001b7   Thumb Code     0  startup_stm32f407xx.o(.text)
    DCMI_IRQHandler                          0x080001b7   Thumb Code     0  startup_stm32f407xx.o(.text)
    DMA1_Stream0_IRQHandler                  0x080001b7   Thumb Code     0  startup_stm32f407xx.o(.text)
    DMA1_Stream1_IRQHandler                  0x080001b7   Thumb Code     0  startup_stm32f407xx.o(.text)
    DMA1_Stream2_IRQHandler                  0x080001b7   Thumb Code     0  startup_stm32f407xx.o(.text)
    DMA1_Stream3_IRQHandler                  0x080001b7   Thumb Code     0  startup_stm32f407xx.o(.text)
    DMA1_Stream4_IRQHandler                  0x080001b7   Thumb Code     0  startup_stm32f407xx.o(.text)
    DMA1_Stream5_IRQHandler                  0x080001b7   Thumb Code     0  startup_stm32f407xx.o(.text)
    DMA1_Stream6_IRQHandler                  0x080001b7   Thumb Code     0  startup_stm32f407xx.o(.text)
    DMA1_Stream7_IRQHandler                  0x080001b7   Thumb Code     0  startup_stm32f407xx.o(.text)
    DMA2_Stream0_IRQHandler                  0x080001b7   Thumb Code     0  startup_stm32f407xx.o(.text)
    DMA2_Stream1_IRQHandler                  0x080001b7   Thumb Code     0  startup_stm32f407xx.o(.text)
    DMA2_Stream2_IRQHandler                  0x080001b7   Thumb Code     0  startup_stm32f407xx.o(.text)
    DMA2_Stream3_IRQHandler                  0x080001b7   Thumb Code     0  startup_stm32f407xx.o(.text)
    DMA2_Stream4_IRQHandler                  0x080001b7   Thumb Code     0  startup_stm32f407xx.o(.text)
    DMA2_Stream5_IRQHandler                  0x080001b7   Thumb Code     0  startup_stm32f407xx.o(.text)
    DMA2_Stream6_IRQHandler                  0x080001b7   Thumb Code     0  startup_stm32f407xx.o(.text)
    DMA2_Stream7_IRQHandler                  0x080001b7   Thumb Code     0  startup_stm32f407xx.o(.text)
    ETH_IRQHandler                           0x080001b7   Thumb Code     0  startup_stm32f407xx.o(.text)
    ETH_WKUP_IRQHandler                      0x080001b7   Thumb Code     0  startup_stm32f407xx.o(.text)
    EXTI0_IRQHandler                         0x080001b7   Thumb Code     0  startup_stm32f407xx.o(.text)
    EXTI15_10_IRQHandler                     0x080001b7   Thumb Code     0  startup_stm32f407xx.o(.text)
    EXTI1_IRQHandler                         0x080001b7   Thumb Code     0  startup_stm32f407xx.o(.text)
    EXTI2_IRQHandler                         0x080001b7   Thumb Code     0  startup_stm32f407xx.o(.text)
    EXTI3_IRQHandler                         0x080001b7   Thumb Code     0  startup_stm32f407xx.o(.text)
    EXTI4_IRQHandler                         0x080001b7   Thumb Code     0  startup_stm32f407xx.o(.text)
    EXTI9_5_IRQHandler                       0x080001b7   Thumb Code     0  startup_stm32f407xx.o(.text)
    FLASH_IRQHandler                         0x080001b7   Thumb Code     0  startup_stm32f407xx.o(.text)
    FMC_IRQHandler                           0x080001b7   Thumb Code     0  startup_stm32f407xx.o(.text)
    FPU_IRQHandler                           0x080001b7   Thumb Code     0  startup_stm32f407xx.o(.text)
    HASH_RNG_IRQHandler                      0x080001b7   Thumb Code     0  startup_stm32f407xx.o(.text)
    I2C1_ER_IRQHandler                       0x080001b7   Thumb Code     0  startup_stm32f407xx.o(.text)
    I2C1_EV_IRQHandler                       0x080001b7   Thumb Code     0  startup_stm32f407xx.o(.text)
    I2C2_ER_IRQHandler                       0x080001b7   Thumb Code     0  startup_stm32f407xx.o(.text)
    I2C2_EV_IRQHandler                       0x080001b7   Thumb Code     0  startup_stm32f407xx.o(.text)
    I2C3_ER_IRQHandler                       0x080001b7   Thumb Code     0  startup_stm32f407xx.o(.text)
    I2C3_EV_IRQHandler                       0x080001b7   Thumb Code     0  startup_stm32f407xx.o(.text)
    OTG_FS_IRQHandler                        0x080001b7   Thumb Code     0  startup_stm32f407xx.o(.text)
    OTG_FS_WKUP_IRQHandler                   0x080001b7   Thumb Code     0  startup_stm32f407xx.o(.text)
    OTG_HS_EP1_IN_IRQHandler                 0x080001b7   Thumb Code     0  startup_stm32f407xx.o(.text)
    OTG_HS_EP1_OUT_IRQHandler                0x080001b7   Thumb Code     0  startup_stm32f407xx.o(.text)
    OTG_HS_WKUP_IRQHandler                   0x080001b7   Thumb Code     0  startup_stm32f407xx.o(.text)
    PVD_IRQHandler                           0x080001b7   Thumb Code     0  startup_stm32f407xx.o(.text)
    RCC_IRQHandler                           0x080001b7   Thumb Code     0  startup_stm32f407xx.o(.text)
    RTC_Alarm_IRQHandler                     0x080001b7   Thumb Code     0  startup_stm32f407xx.o(.text)
    RTC_WKUP_IRQHandler                      0x080001b7   Thumb Code     0  startup_stm32f407xx.o(.text)
    SDIO_IRQHandler                          0x080001b7   Thumb Code     0  startup_stm32f407xx.o(.text)
    SPI1_IRQHandler                          0x080001b7   Thumb Code     0  startup_stm32f407xx.o(.text)
    SPI2_IRQHandler                          0x080001b7   Thumb Code     0  startup_stm32f407xx.o(.text)
    SPI3_IRQHandler                          0x080001b7   Thumb Code     0  startup_stm32f407xx.o(.text)
    TAMP_STAMP_IRQHandler                    0x080001b7   Thumb Code     0  startup_stm32f407xx.o(.text)
    TIM1_BRK_TIM9_IRQHandler                 0x080001b7   Thumb Code     0  startup_stm32f407xx.o(.text)
    TIM1_CC_IRQHandler                       0x080001b7   Thumb Code     0  startup_stm32f407xx.o(.text)
    TIM1_TRG_COM_TIM11_IRQHandler            0x080001b7   Thumb Code     0  startup_stm32f407xx.o(.text)
    TIM1_UP_TIM10_IRQHandler                 0x080001b7   Thumb Code     0  startup_stm32f407xx.o(.text)
    TIM2_IRQHandler                          0x080001b7   Thumb Code     0  startup_stm32f407xx.o(.text)
    TIM3_IRQHandler                          0x080001b7   Thumb Code     0  startup_stm32f407xx.o(.text)
    TIM4_IRQHandler                          0x080001b7   Thumb Code     0  startup_stm32f407xx.o(.text)
    TIM5_IRQHandler                          0x080001b7   Thumb Code     0  startup_stm32f407xx.o(.text)
    TIM6_DAC_IRQHandler                      0x080001b7   Thumb Code     0  startup_stm32f407xx.o(.text)
    TIM7_IRQHandler                          0x080001b7   Thumb Code     0  startup_stm32f407xx.o(.text)
    TIM8_BRK_TIM12_IRQHandler                0x080001b7   Thumb Code     0  startup_stm32f407xx.o(.text)
    TIM8_CC_IRQHandler                       0x080001b7   Thumb Code     0  startup_stm32f407xx.o(.text)
    TIM8_TRG_COM_TIM14_IRQHandler            0x080001b7   Thumb Code     0  startup_stm32f407xx.o(.text)
    TIM8_UP_TIM13_IRQHandler                 0x080001b7   Thumb Code     0  startup_stm32f407xx.o(.text)
    UART4_IRQHandler                         0x080001b7   Thumb Code     0  startup_stm32f407xx.o(.text)
    UART5_IRQHandler                         0x080001b7   Thumb Code     0  startup_stm32f407xx.o(.text)
    USART1_IRQHandler                        0x080001b7   Thumb Code     0  startup_stm32f407xx.o(.text)
    USART2_IRQHandler                        0x080001b7   Thumb Code     0  startup_stm32f407xx.o(.text)
    USART3_IRQHandler                        0x080001b7   Thumb Code     0  startup_stm32f407xx.o(.text)
    USART6_IRQHandler                        0x080001b7   Thumb Code     0  startup_stm32f407xx.o(.text)
    WWDG_IRQHandler                          0x080001b7   Thumb Code     0  startup_stm32f407xx.o(.text)
    rand                                     0x080001c1   Thumb Code    20  rand.o(.text)
    srand                                    0x080001d5   Thumb Code     6  rand.o(.text)
    __aeabi_memcpy                           0x080001e5   Thumb Code    36  memcpya.o(.text)
    __aeabi_memcpy4                          0x080001e5   Thumb Code     0  memcpya.o(.text)
    __aeabi_memcpy8                          0x080001e5   Thumb Code     0  memcpya.o(.text)
    __aeabi_memset                           0x08000209   Thumb Code    14  memseta.o(.text)
    __aeabi_memset4                          0x08000209   Thumb Code     0  memseta.o(.text)
    __aeabi_memset8                          0x08000209   Thumb Code     0  memseta.o(.text)
    __aeabi_memclr                           0x08000217   Thumb Code     4  memseta.o(.text)
    __aeabi_memclr4                          0x08000217   Thumb Code     0  memseta.o(.text)
    __aeabi_memclr8                          0x08000217   Thumb Code     0  memseta.o(.text)
    _memset$wrapper                          0x0800021b   Thumb Code    18  memseta.o(.text)
    memcmp                                   0x0800022d   Thumb Code    26  memcmp.o(.text)
    __scatterload                            0x08000249   Thumb Code    28  init.o(.text)
    __scatterload_rt2                        0x08000249   Thumb Code     0  init.o(.text)
    __decompress                             0x0800026d   Thumb Code     0  __dczerorl2.o(.text)
    __decompress1                            0x0800026d   Thumb Code    86  __dczerorl2.o(.text)
    BusFault_Handler                         0x080002c3   Thumb Code     4  stm32f4xx_it.o(i.BusFault_Handler)
    DebugMon_Handler                         0x0800043d   Thumb Code     2  stm32f4xx_it.o(i.DebugMon_Handler)
    Error_Handler                            0x08000795   Thumb Code    34  main.o(i.Error_Handler)
    HAL_Delay                                0x080007e5   Thumb Code    26  stm32f4xx_hal.o(i.HAL_Delay)
    HAL_ETH_DMARxDescListInit                0x080007ff   Thumb Code   140  stm32f4xx_hal_eth.o(i.HAL_ETH_DMARxDescListInit)
    HAL_ETH_DMATxDescListInit                0x0800088b   Thumb Code   132  stm32f4xx_hal_eth.o(i.HAL_ETH_DMATxDescListInit)
    HAL_ETH_Init                             0x08000911   Thumb Code   642  stm32f4xx_hal_eth.o(i.HAL_ETH_Init)
    HAL_ETH_MspInit                          0x08000bb1   Thumb Code   228  ethernetif.o(i.HAL_ETH_MspInit)
    HAL_ETH_ReadPHYRegister                  0x08000cad   Thumb Code   146  stm32f4xx_hal_eth.o(i.HAL_ETH_ReadPHYRegister)
    HAL_ETH_Start                            0x08000d3f   Thumb Code    82  stm32f4xx_hal_eth.o(i.HAL_ETH_Start)
    HAL_ETH_TransmitFrame                    0x08000d91   Thumb Code   318  stm32f4xx_hal_eth.o(i.HAL_ETH_TransmitFrame)
    HAL_ETH_WritePHYRegister                 0x08000ecf   Thumb Code   144  stm32f4xx_hal_eth.o(i.HAL_ETH_WritePHYRegister)
    HAL_GPIO_Init                            0x08000f61   Thumb Code   466  stm32f4xx_hal_gpio.o(i.HAL_GPIO_Init)
    HAL_GPIO_TogglePin                       0x08001161   Thumb Code     8  stm32f4xx_hal_gpio.o(i.HAL_GPIO_TogglePin)
    HAL_GPIO_WritePin                        0x08001169   Thumb Code    12  stm32f4xx_hal_gpio.o(i.HAL_GPIO_WritePin)
    HAL_GetTick                              0x08001175   Thumb Code     6  stm32f4xx_hal.o(i.HAL_GetTick)
    HAL_HCD_Connect_Callback                 0x08001181   Thumb Code    14  usbh_conf.o(i.HAL_HCD_Connect_Callback)
    HAL_HCD_Disconnect_Callback              0x0800118f   Thumb Code    14  usbh_conf.o(i.HAL_HCD_Disconnect_Callback)
    HAL_HCD_GetCurrentFrame                  0x0800119d   Thumb Code    12  stm32f4xx_hal_hcd.o(i.HAL_HCD_GetCurrentFrame)
    HAL_HCD_GetCurrentSpeed                  0x080011a9   Thumb Code    12  stm32f4xx_hal_hcd.o(i.HAL_HCD_GetCurrentSpeed)
    HAL_HCD_HC_GetURBState                   0x080011b5   Thumb Code    20  stm32f4xx_hal_hcd.o(i.HAL_HCD_HC_GetURBState)
    HAL_HCD_HC_GetXferCount                  0x080011c9   Thumb Code    18  stm32f4xx_hal_hcd.o(i.HAL_HCD_HC_GetXferCount)
    HAL_HCD_HC_Halt                          0x080011db   Thumb Code    52  stm32f4xx_hal_hcd.o(i.HAL_HCD_HC_Halt)
    HAL_HCD_HC_Init                          0x0800120f   Thumb Code   186  stm32f4xx_hal_hcd.o(i.HAL_HCD_HC_Init)
    HAL_HCD_HC_NotifyURBChange_Callback      0x080012c9   Thumb Code     2  usbh_conf.o(i.HAL_HCD_HC_NotifyURBChange_Callback)
    HAL_HCD_HC_SubmitRequest                 0x080012cb   Thumb Code   616  stm32f4xx_hal_hcd.o(i.HAL_HCD_HC_SubmitRequest)
    HAL_HCD_IRQHandler                       0x08001533   Thumb Code   358  stm32f4xx_hal_hcd.o(i.HAL_HCD_IRQHandler)
    HAL_HCD_Init                             0x08001699   Thumb Code    90  stm32f4xx_hal_hcd.o(i.HAL_HCD_Init)
    HAL_HCD_MspInit                          0x080016f5   Thumb Code    96  usbh_conf.o(i.HAL_HCD_MspInit)
    HAL_HCD_ResetPort                        0x08001761   Thumb Code    12  stm32f4xx_hal_hcd.o(i.HAL_HCD_ResetPort)
    HAL_HCD_SOF_Callback                     0x0800176d   Thumb Code    14  usbh_conf.o(i.HAL_HCD_SOF_Callback)
    HAL_HCD_Start                            0x0800177b   Thumb Code    54  stm32f4xx_hal_hcd.o(i.HAL_HCD_Start)
    HAL_HCD_Stop                             0x080017b1   Thumb Code    46  stm32f4xx_hal_hcd.o(i.HAL_HCD_Stop)
    HAL_IncTick                              0x080017e1   Thumb Code    12  stm32f4xx_hal.o(i.HAL_IncTick)
    HAL_Init                                 0x080017f1   Thumb Code    54  stm32f4xx_hal.o(i.HAL_Init)
    HAL_InitTick                             0x0800182d   Thumb Code    36  stm32f4xx_hal.o(i.HAL_InitTick)
    HAL_MspInit                              0x08001855   Thumb Code    86  stm32f4xx_hal_msp.o(i.HAL_MspInit)
    HAL_NVIC_EnableIRQ                       0x080018ab   Thumb Code    26  stm32f4xx_hal_cortex.o(i.HAL_NVIC_EnableIRQ)
    HAL_NVIC_SetPriority                     0x080018c5   Thumb Code   124  stm32f4xx_hal_cortex.o(i.HAL_NVIC_SetPriority)
    HAL_NVIC_SetPriorityGrouping             0x08001941   Thumb Code    32  stm32f4xx_hal_cortex.o(i.HAL_NVIC_SetPriorityGrouping)
    HAL_RCCEx_PeriphCLKConfig                0x08001969   Thumb Code   412  stm32f4xx_hal_rcc_ex.o(i.HAL_RCCEx_PeriphCLKConfig)
    HAL_RCC_ClockConfig                      0x08001b19   Thumb Code   446  stm32f4xx_hal_rcc.o(i.HAL_RCC_ClockConfig)
    HAL_RCC_GetHCLKFreq                      0x08001ce9   Thumb Code     6  stm32f4xx_hal_rcc.o(i.HAL_RCC_GetHCLKFreq)
    HAL_RCC_GetPCLK1Freq                     0x08001cf5   Thumb Code    36  stm32f4xx_hal_rcc.o(i.HAL_RCC_GetPCLK1Freq)
    HAL_RCC_GetPCLK2Freq                     0x08001d21   Thumb Code    36  stm32f4xx_hal_rcc.o(i.HAL_RCC_GetPCLK2Freq)
    HAL_RCC_GetSysClockFreq                  0x08001d4d   Thumb Code   168  stm32f4xx_hal_rcc.o(i.HAL_RCC_GetSysClockFreq)
    HAL_RCC_OscConfig                        0x08001e01   Thumb Code   906  stm32f4xx_hal_rcc.o(i.HAL_RCC_OscConfig)
    HAL_SYSTICK_Callback                     0x0800219d   Thumb Code     2  stm32f4xx_hal_cortex.o(i.HAL_SYSTICK_Callback)
    HAL_SYSTICK_Config                       0x0800219f   Thumb Code    52  stm32f4xx_hal_cortex.o(i.HAL_SYSTICK_Config)
    HAL_SYSTICK_IRQHandler                   0x080021d3   Thumb Code     8  stm32f4xx_hal_cortex.o(i.HAL_SYSTICK_IRQHandler)
    HAL_UART_Init                            0x080021db   Thumb Code   114  stm32f4xx_hal_uart.o(i.HAL_UART_Init)
    HAL_UART_MspInit                         0x0800224d   Thumb Code   110  stm32f4xx_hal_msp.o(i.HAL_UART_MspInit)
    HardFault_Handler                        0x08002e89   Thumb Code     4  stm32f4xx_it.o(i.HardFault_Handler)
    MX_LWIP_Init                             0x08002fc9   Thumb Code    84  lwip.o(i.MX_LWIP_Init)
    MX_USB_HOST_Init                         0x0800306d   Thumb Code    28  usb_host.o(i.MX_USB_HOST_Init)
    MX_USB_HOST_Process                      0x08003095   Thumb Code    10  usb_host.o(i.MX_USB_HOST_Process)
    MemManage_Handler                        0x080030a5   Thumb Code     4  stm32f4xx_it.o(i.MemManage_Handler)
    NMI_Handler                              0x080030a9   Thumb Code     2  stm32f4xx_it.o(i.NMI_Handler)
    OTG_HS_IRQHandler                        0x080030e5   Thumb Code    10  stm32f4xx_it.o(i.OTG_HS_IRQHandler)
    PendSV_Handler                           0x080030f5   Thumb Code     2  stm32f4xx_it.o(i.PendSV_Handler)
    SVC_Handler                              0x080030f7   Thumb Code     2  stm32f4xx_it.o(i.SVC_Handler)
    SysTick_Handler                          0x080030f9   Thumb Code    12  stm32f4xx_it.o(i.SysTick_Handler)
    SystemClock_Config                       0x08003105   Thumb Code   172  main.o(i.SystemClock_Config)
    SystemInit                               0x080031b9   Thumb Code    82  system_stm32f4xx.o(i.SystemInit)
    USBH_AllocPipe                           0x08003585   Thumb Code    38  usbh_pipes.o(i.USBH_AllocPipe)
    USBH_BulkReceiveData                     0x080035ab   Thumb Code    42  usbh_ioreq.o(i.USBH_BulkReceiveData)
    USBH_BulkSendData                        0x080035d5   Thumb Code    52  usbh_ioreq.o(i.USBH_BulkSendData)
    USBH_CDC_ReceiveCallback                 0x08003917   Thumb Code     2  usbh_cdc.o(i.USBH_CDC_ReceiveCallback)
    USBH_CDC_TransmitCallback                0x0800391f   Thumb Code     2  usbh_cdc.o(i.USBH_CDC_TransmitCallback)
    USBH_ClosePipe                           0x08003921   Thumb Code    18  usbh_pipes.o(i.USBH_ClosePipe)
    USBH_ClrFeature                          0x08003933   Thumb Code    40  usbh_ctlreq.o(i.USBH_ClrFeature)
    USBH_CtlReceiveData                      0x0800395b   Thumb Code    42  usbh_ioreq.o(i.USBH_CtlReceiveData)
    USBH_CtlReq                              0x08003985   Thumb Code    84  usbh_ctlreq.o(i.USBH_CtlReq)
    USBH_CtlSendData                         0x080039d9   Thumb Code    52  usbh_ioreq.o(i.USBH_CtlSendData)
    USBH_CtlSendSetup                        0x08003a0d   Thumb Code    38  usbh_ioreq.o(i.USBH_CtlSendSetup)
    USBH_Delay                               0x08003a33   Thumb Code    12  usbh_conf.o(i.USBH_Delay)
    USBH_FindInterface                       0x08003a3f   Thumb Code    80  usbh_core.o(i.USBH_FindInterface)
    USBH_FreePipe                            0x08003a8f   Thumb Code    30  usbh_pipes.o(i.USBH_FreePipe)
    USBH_GetDescriptor                       0x08003aad   Thumb Code    74  usbh_ctlreq.o(i.USBH_GetDescriptor)
    USBH_GetNextDesc                         0x08003b1f   Thumb Code    18  usbh_ctlreq.o(i.USBH_GetNextDesc)
    USBH_Get_CfgDesc                         0x08003b31   Thumb Code    46  usbh_ctlreq.o(i.USBH_Get_CfgDesc)
    USBH_Get_DevDesc                         0x08003b5f   Thumb Code    46  usbh_ctlreq.o(i.USBH_Get_DevDesc)
    USBH_Get_StringDesc                      0x08003b8d   Thumb Code    54  usbh_ctlreq.o(i.USBH_Get_StringDesc)
    USBH_Init                                0x08003ef7   Thumb Code    50  usbh_core.o(i.USBH_Init)
    USBH_LL_ClosePipe                        0x08003f29   Thumb Code    20  usbh_conf.o(i.USBH_LL_ClosePipe)
    USBH_LL_Connect                          0x08003f3d   Thumb Code    46  usbh_core.o(i.USBH_LL_Connect)
    USBH_LL_Disconnect                       0x08003f6b   Thumb Code    62  usbh_core.o(i.USBH_LL_Disconnect)
    USBH_LL_DriverVBUS                       0x08003fa9   Thumb Code    24  usbh_conf.o(i.USBH_LL_DriverVBUS)
    USBH_LL_GetLastXferSize                  0x08003fc1   Thumb Code    18  usbh_conf.o(i.USBH_LL_GetLastXferSize)
    USBH_LL_GetSpeed                         0x08003fd3   Thumb Code    48  usbh_conf.o(i.USBH_LL_GetSpeed)
    USBH_LL_GetURBState                      0x08004003   Thumb Code    18  usbh_conf.o(i.USBH_LL_GetURBState)
    USBH_LL_IncTimer                         0x08004015   Thumb Code    22  usbh_core.o(i.USBH_LL_IncTimer)
    USBH_LL_Init                             0x0800402d   Thumb Code    88  usbh_conf.o(i.USBH_LL_Init)
    USBH_LL_OpenPipe                         0x0800408d   Thumb Code    44  usbh_conf.o(i.USBH_LL_OpenPipe)
    USBH_LL_ResetPort                        0x080040b9   Thumb Code    16  usbh_conf.o(i.USBH_LL_ResetPort)
    USBH_LL_SetTimer                         0x080040c9   Thumb Code     6  usbh_core.o(i.USBH_LL_SetTimer)
    USBH_LL_SetToggle                        0x080040cf   Thumb Code    58  usbh_conf.o(i.USBH_LL_SetToggle)
    USBH_LL_Start                            0x08004109   Thumb Code    16  usbh_conf.o(i.USBH_LL_Start)
    USBH_LL_Stop                             0x08004119   Thumb Code    16  usbh_conf.o(i.USBH_LL_Stop)
    USBH_LL_SubmitURB                        0x08004129   Thumb Code    46  usbh_conf.o(i.USBH_LL_SubmitURB)
    USBH_OpenPipe                            0x08004157   Thumb Code    42  usbh_pipes.o(i.USBH_OpenPipe)
    USBH_Process                             0x08004331   Thumb Code   996  usbh_core.o(i.USBH_Process)
    USBH_RNDIS_Get_Encapsulated_Response     0x08004729   Thumb Code    36  rndis.o(i.USBH_RNDIS_Get_Encapsulated_Response)
    USBH_RNDIS_Get_Initialisation_Complete   0x0800474d   Thumb Code    88  rndis.o(i.USBH_RNDIS_Get_Initialisation_Complete)
    USBH_RNDIS_Get_SetResponse               0x080047a9   Thumb Code    54  rndis.o(i.USBH_RNDIS_Get_SetResponse)
    USBH_RNDIS_Get_Specific_Oid              0x080047e5   Thumb Code    70  rndis.o(i.USBH_RNDIS_Get_Specific_Oid)
    USBH_RNDIS_Query_Specific_Oid            0x08004831   Thumb Code    70  rndis.o(i.USBH_RNDIS_Query_Specific_Oid)
    USBH_RNDIS_Send_Encapsulated_Command     0x0800487d   Thumb Code    34  rndis.o(i.USBH_RNDIS_Send_Encapsulated_Command)
    USBH_RNDIS_Send_Initialisation_Message   0x080048a1   Thumb Code    46  rndis.o(i.USBH_RNDIS_Send_Initialisation_Message)
    USBH_RNDIS_Set_Oid_Property              0x080048d5   Thumb Code    72  rndis.o(i.USBH_RNDIS_Set_Oid_Property)
    USBH_RegisterClass                       0x08004921   Thumb Code    42  usbh_core.o(i.USBH_RegisterClass)
    USBH_SelectInterface                     0x0800494b   Thumb Code    22  usbh_core.o(i.USBH_SelectInterface)
    USBH_SetAddress                          0x08004961   Thumb Code    40  usbh_ctlreq.o(i.USBH_SetAddress)
    USBH_SetCfg                              0x08004989   Thumb Code    40  usbh_ctlreq.o(i.USBH_SetCfg)
    USBH_Start                               0x080049b1   Thumb Code    22  usbh_core.o(i.USBH_Start)
    USB_CoreInit                             0x08004a01   Thumb Code   100  stm32f4xx_ll_usb.o(i.USB_CoreInit)
    USB_DisableGlobalInt                     0x08004ab5   Thumb Code    14  stm32f4xx_ll_usb.o(i.USB_DisableGlobalInt)
    USB_DoPing                               0x08004ac5   Thumb Code    60  stm32f4xx_ll_usb.o(i.USB_DoPing)
    USB_DriveVbus                            0x08004b05   Thumb Code    68  stm32f4xx_ll_usb.o(i.USB_DriveVbus)
    USB_EnableGlobalInt                      0x08004b49   Thumb Code    14  stm32f4xx_ll_usb.o(i.USB_EnableGlobalInt)
    USB_FlushRxFifo                          0x08004b59   Thumb Code    38  stm32f4xx_ll_usb.o(i.USB_FlushRxFifo)
    USB_FlushTxFifo                          0x08004b85   Thumb Code    44  stm32f4xx_ll_usb.o(i.USB_FlushTxFifo)
    USB_GetCurrentFrame                      0x08004bb5   Thumb Code    12  stm32f4xx_ll_usb.o(i.USB_GetCurrentFrame)
    USB_GetHostSpeed                         0x08004bc1   Thumb Code    18  stm32f4xx_ll_usb.o(i.USB_GetHostSpeed)
    USB_GetMode                              0x08004bd3   Thumb Code    10  stm32f4xx_ll_usb.o(i.USB_GetMode)
    USB_HC_Halt                              0x08004bdd   Thumb Code   328  stm32f4xx_ll_usb.o(i.USB_HC_Halt)
    USB_HC_Init                              0x08004d25   Thumb Code   392  stm32f4xx_ll_usb.o(i.USB_HC_Init)
    USB_HC_ReadInterrupt                     0x08004ead   Thumb Code    12  stm32f4xx_ll_usb.o(i.USB_HC_ReadInterrupt)
    USB_HC_StartXfer                         0x08004eb9   Thumb Code   386  stm32f4xx_ll_usb.o(i.USB_HC_StartXfer)
    USB_HostInit                             0x08005041   Thumb Code   214  stm32f4xx_ll_usb.o(i.USB_HostInit)
    USB_InitFSLSPClkSel                      0x0800512d   Thumb Code    62  stm32f4xx_ll_usb.o(i.USB_InitFSLSPClkSel)
    USB_ReadInterrupts                       0x0800516b   Thumb Code    12  stm32f4xx_ll_usb.o(i.USB_ReadInterrupts)
    USB_ReadPacket                           0x08005177   Thumb Code    34  stm32f4xx_ll_usb.o(i.USB_ReadPacket)
    USB_ResetPort                            0x08005199   Thumb Code    48  stm32f4xx_ll_usb.o(i.USB_ResetPort)
    USB_SetCurrentMode                       0x080051c9   Thumb Code    48  stm32f4xx_ll_usb.o(i.USB_SetCurrentMode)
    USB_StopHost                             0x080051f9   Thumb Code   174  stm32f4xx_ll_usb.o(i.USB_StopHost)
    USB_WritePacket                          0x080052a7   Thumb Code    48  stm32f4xx_ll_usb.o(i.USB_WritePacket)
    UsageFault_Handler                       0x080052d7   Thumb Code     4  stm32f4xx_it.o(i.UsageFault_Handler)
    __scatterload_copy                       0x080052db   Thumb Code    14  handlers.o(i.__scatterload_copy)
    __scatterload_null                       0x080052e9   Thumb Code     2  handlers.o(i.__scatterload_null)
    __scatterload_zeroinit                   0x080052eb   Thumb Code    14  handlers.o(i.__scatterload_zeroinit)
    dhcp_arp_reply                           0x08005315   Thumb Code    46  dhcp.o(i.dhcp_arp_reply)
    dhcp_coarse_tmr                          0x08005485   Thumb Code   100  dhcp.o(i.dhcp_coarse_tmr)
    dhcp_fine_tmr                            0x080057c5   Thumb Code    64  dhcp.o(i.dhcp_fine_tmr)
    dhcp_release                             0x08005f15   Thumb Code   160  dhcp.o(i.dhcp_release)
    dhcp_renew                               0x08005fb9   Thumb Code   140  dhcp.o(i.dhcp_renew)
    dhcp_start                               0x08006151   Thumb Code   200  dhcp.o(i.dhcp_start)
    dhcp_stop                                0x08006221   Thumb Code    46  dhcp.o(i.dhcp_stop)
    dhcp_supplied_address                    0x0800624f   Thumb Code    32  dhcp.o(i.dhcp_supplied_address)
    etharp_cleanup_netif                     0x080064cd   Thumb Code    52  etharp.o(i.etharp_cleanup_netif)
    etharp_output                            0x080066a5   Thumb Code   308  etharp.o(i.etharp_output)
    etharp_query                             0x08006895   Thumb Code   356  etharp.o(i.etharp_query)
    etharp_request                           0x08006ab5   Thumb Code    18  etharp.o(i.etharp_request)
    etharp_tmr                               0x08006b31   Thumb Code   216  etharp.o(i.etharp_tmr)
    ethernet_input                           0x08006cc5   Thumb Code   180  etharp.o(i.ethernet_input)
    ethernetif_init                          0x08006d7d   Thumb Code    38  ethernetif.o(i.ethernetif_init)
    free                                     0x08006dad   Thumb Code    76  malloc.o(i.free)
    icmp_dest_unreach                        0x08006dfd   Thumb Code    18  icmp.o(i.icmp_dest_unreach)
    icmp_input                               0x08006e11   Thumb Code   352  icmp.o(i.icmp_input)
    icmp_time_exceeded                       0x08006fe9   Thumb Code    18  icmp.o(i.icmp_time_exceeded)
    ip4_addr_isbroadcast_u32                 0x08006ffb   Thumb Code    78  ip4_addr.o(i.ip4_addr_isbroadcast_u32)
    ip4_frag                                 0x08007049   Thumb Code   408  ip_frag.o(i.ip4_frag)
    ip4_input                                0x080071e5   Thumb Code   436  ip4.o(i.ip4_input)
    ip4_output_if                            0x080073a1   Thumb Code    54  ip4.o(i.ip4_output_if)
    ip4_output_if_src                        0x080073d9   Thumb Code   190  ip4.o(i.ip4_output_if_src)
    ip4_reass                                0x080074a1   Thumb Code   408  ip_frag.o(i.ip4_reass)
    ip4_route                                0x08007641   Thumb Code   134  ip4.o(i.ip4_route)
    ip_reass_tmr                             0x08007a1d   Thumb Code    48  ip_frag.o(i.ip_reass_tmr)
    lwip_htonl                               0x08007c79   Thumb Code    26  def.o(i.lwip_htonl)
    lwip_htons                               0x08007c93   Thumb Code    12  def.o(i.lwip_htons)
    lwip_init                                0x08007c9f   Thumb Code    28  init.o(i.lwip_init)
    lwip_ntohl                               0x08007cbb   Thumb Code    12  def.o(i.lwip_ntohl)
    lwip_ntohs                               0x08007cc7   Thumb Code    12  def.o(i.lwip_ntohs)
    main                                     0x08007cd3   Thumb Code    36  main.o(i.main)
    malloc                                   0x08007cf9   Thumb Code    92  malloc.o(i.malloc)
    mem_free                                 0x08007d65   Thumb Code    68  mem.o(i.mem_free)
    mem_init                                 0x08007db5   Thumb Code    74  mem.o(i.mem_init)
    mem_malloc                               0x08007e11   Thumb Code   222  mem.o(i.mem_malloc)
    mem_trim                                 0x08007efd   Thumb Code   288  mem.o(i.mem_trim)
    memp_free                                0x08008029   Thumb Code    32  memp.o(i.memp_free)
    memp_init                                0x0800804d   Thumb Code    38  memp.o(i.memp_init)
    memp_init_pool                           0x08008079   Thumb Code    44  memp.o(i.memp_init_pool)
    memp_malloc                              0x080080a5   Thumb Code    32  memp.o(i.memp_malloc)
    memp_malloc_pool                         0x080080c9   Thumb Code    22  memp.o(i.memp_malloc_pool)
    netif_add                                0x080080e1   Thumb Code   108  netif.o(i.netif_add)
    netif_init                               0x08008155   Thumb Code     2  netif.o(i.netif_init)
    netif_set_addr                           0x0800817b   Thumb Code    40  netif.o(i.netif_set_addr)
    netif_set_default                        0x080081a5   Thumb Code     6  netif.o(i.netif_set_default)
    netif_set_down                           0x080081b1   Thumb Code    42  netif.o(i.netif_set_down)
    netif_set_gw                             0x080081db   Thumb Code    12  netif.o(i.netif_set_gw)
    netif_set_ipaddr                         0x080081e9   Thumb Code    72  netif.o(i.netif_set_ipaddr)
    netif_set_netmask                        0x08008235   Thumb Code    12  netif.o(i.netif_set_netmask)
    netif_set_up                             0x08008241   Thumb Code    44  netif.o(i.netif_set_up)
    pbuf_alloc                               0x0800826d   Thumb Code   404  pbuf.o(i.pbuf_alloc)
    pbuf_alloced_custom                      0x08008401   Thumb Code   110  pbuf.o(i.pbuf_alloced_custom)
    pbuf_cat                                 0x0800846f   Thumb Code    56  pbuf.o(i.pbuf_cat)
    pbuf_chain                               0x080084a7   Thumb Code    22  pbuf.o(i.pbuf_chain)
    pbuf_clen                                0x080084bd   Thumb Code    18  pbuf.o(i.pbuf_clen)
    pbuf_copy                                0x080084cf   Thumb Code   192  pbuf.o(i.pbuf_copy)
    pbuf_copy_partial                        0x0800858f   Thumb Code   146  pbuf.o(i.pbuf_copy_partial)
    pbuf_free                                0x08008621   Thumb Code   134  pbuf.o(i.pbuf_free)
    pbuf_header                              0x080086a7   Thumb Code    18  pbuf.o(i.pbuf_header)
    pbuf_header_force                        0x080086b9   Thumb Code    18  pbuf.o(i.pbuf_header_force)
    pbuf_realloc                             0x08008769   Thumb Code   128  pbuf.o(i.pbuf_realloc)
    pbuf_ref                                 0x080087e9   Thumb Code    10  pbuf.o(i.pbuf_ref)
    sys_now                                  0x0800887d   Thumb Code     8  ethernetif.o(i.sys_now)
    sys_timeout                              0x08008885   Thumb Code   188  lwip_timers.o(i.sys_timeout)
    sys_timeouts_init                        0x08008949   Thumb Code    60  lwip_timers.o(i.sys_timeouts_init)
    tcp_abandon                              0x08008999   Thumb Code   226  tcp.o(i.tcp_abandon)
    tcp_abort                                0x08008a8d   Thumb Code    14  tcp.o(i.tcp_abort)
    tcp_alloc                                0x08008a9d   Thumb Code   208  tcp.o(i.tcp_alloc)
    tcp_close                                0x08008b7d   Thumb Code    28  tcp.o(i.tcp_close)
    tcp_eff_send_mss_impl                    0x08008dff   Thumb Code    58  tcp.o(i.tcp_eff_send_mss_impl)
    tcp_enqueue_flags                        0x08008e39   Thumb Code   292  tcp_out.o(i.tcp_enqueue_flags)
    tcp_fasttmr                              0x08008f5d   Thumb Code   112  tcp.o(i.tcp_fasttmr)
    tcp_init                                 0x08009031   Thumb Code     2  tcp.o(i.tcp_init)
    tcp_input                                0x08009035   Thumb Code  1236  tcp_in.o(i.tcp_input)
    tcp_keepalive                            0x08009529   Thumb Code    90  tcp_out.o(i.tcp_keepalive)
    tcp_netif_ipv4_addr_changed              0x0800978d   Thumb Code    70  tcp.o(i.tcp_netif_ipv4_addr_changed)
    tcp_next_iss                             0x0800980d   Thumb Code    20  tcp.o(i.tcp_next_iss)
    tcp_output                               0x080098b9   Thumb Code   468  tcp_out.o(i.tcp_output)
    tcp_pcb_purge                            0x08009cb1   Thumb Code    72  tcp.o(i.tcp_pcb_purge)
    tcp_pcb_remove                           0x08009cf9   Thumb Code   124  tcp.o(i.tcp_pcb_remove)
    tcp_process_refused_data                 0x0800a2ed   Thumb Code   148  tcp.o(i.tcp_process_refused_data)
    tcp_recv_null                            0x0800ad69   Thumb Code    46  tcp.o(i.tcp_recv_null)
    tcp_recved                               0x0800ad97   Thumb Code    94  tcp.o(i.tcp_recved)
    tcp_rexmit                               0x0800adf5   Thumb Code    90  tcp_out.o(i.tcp_rexmit)
    tcp_rexmit_fast                          0x0800ae4f   Thumb Code   112  tcp_out.o(i.tcp_rexmit_fast)
    tcp_rexmit_rto                           0x0800aebf   Thumb Code    58  tcp_out.o(i.tcp_rexmit_rto)
    tcp_rst                                  0x0800aef9   Thumb Code   136  tcp_out.o(i.tcp_rst)
    tcp_seg_copy                             0x0800af81   Thumb Code    36  tcp.o(i.tcp_seg_copy)
    tcp_seg_free                             0x0800afa5   Thumb Code    26  tcp.o(i.tcp_seg_free)
    tcp_segs_free                            0x0800afbf   Thumb Code    24  tcp.o(i.tcp_segs_free)
    tcp_send_empty_ack                       0x0800afd7   Thumb Code   118  tcp_out.o(i.tcp_send_empty_ack)
    tcp_send_fin                             0x0800b04d   Thumb Code    74  tcp_out.o(i.tcp_send_fin)
    tcp_slowtmr                              0x0800b099   Thumb Code   850  tcp.o(i.tcp_slowtmr)
    tcp_timer_needed                         0x0800b40d   Thumb Code    38  lwip_timers.o(i.tcp_timer_needed)
    tcp_tmr                                  0x0800b4ed   Thumb Code    30  tcp.o(i.tcp_tmr)
    tcp_trigger_input_pcb_close              0x0800b511   Thumb Code    14  tcp_in.o(i.tcp_trigger_input_pcb_close)
    tcp_update_rcv_ann_wnd                   0x0800b525   Thumb Code    78  tcp.o(i.tcp_update_rcv_ann_wnd)
    tcp_zero_window_probe                    0x0800b573   Thumb Code   198  tcp_out.o(i.tcp_zero_window_probe)
    udp_bind                                 0x0800b671   Thumb Code   148  udp.o(i.udp_bind)
    udp_connect                              0x0800b709   Thumb Code   104  udp.o(i.udp_connect)
    udp_init                                 0x0800b775   Thumb Code     2  udp.o(i.udp_init)
    udp_input                                0x0800b779   Thumb Code   416  udp.o(i.udp_input)
    udp_netif_ipv4_addr_changed              0x0800b921   Thumb Code    42  udp.o(i.udp_netif_ipv4_addr_changed)
    udp_new                                  0x0800b951   Thumb Code    28  udp.o(i.udp_new)
    udp_recv                                 0x0800b9c5   Thumb Code     6  udp.o(i.udp_recv)
    udp_remove                               0x0800b9cd   Thumb Code    64  udp.o(i.udp_remove)
    udp_sendto_if                            0x0800ba11   Thumb Code    70  udp.o(i.udp_sendto_if)
    udp_sendto_if_src                        0x0800ba57   Thumb Code   182  udp.o(i.udp_sendto_if_src)
    APBAHBPrescTable                         0x0800bb0c   Data          16  stm32f4xx_hal_rcc.o(.constdata)
    memp_UDP_PCB                             0x0800bb24   Data          12  memp.o(.constdata)
    memp_TCP_PCB                             0x0800bb30   Data          12  memp.o(.constdata)
    memp_TCP_PCB_LISTEN                      0x0800bb3c   Data          12  memp.o(.constdata)
    memp_TCP_SEG                             0x0800bb48   Data          12  memp.o(.constdata)
    memp_REASSDATA                           0x0800bb54   Data          12  memp.o(.constdata)
    memp_FRAG_PBUF                           0x0800bb60   Data          12  memp.o(.constdata)
    memp_SYS_TIMEOUT                         0x0800bb6c   Data          12  memp.o(.constdata)
    memp_PBUF                                0x0800bb78   Data          12  memp.o(.constdata)
    memp_PBUF_POOL                           0x0800bb84   Data          12  memp.o(.constdata)
    ethbroadcast                             0x0800bb90   Data           6  etharp.o(.constdata)
    ethzero                                  0x0800bb96   Data           6  etharp.o(.constdata)
    tcp_state_str                            0x0800bb9c   Data          44  tcp.o(.constdata)
    tcp_backoff                              0x0800bbc8   Data          13  tcp.o(.constdata)
    tcp_persist_backoff                      0x0800bbd5   Data           7  tcp.o(.constdata)
    tcp_pcb_lists                            0x0800bbdc   Data          16  tcp.o(.constdata)
    ip_addr_any                              0x0800bbec   Data           4  ip4_addr.o(.constdata)
    ip_addr_broadcast                        0x0800bbf0   Data           4  ip4_addr.o(.constdata)
    Region$$Table$$Base                      0x0800bc70   Number         0  anon$$obj.o(Region$$Table)
    Region$$Table$$Limit                     0x0800bc90   Number         0  anon$$obj.o(Region$$Table)
    uwTick                                   0x20000000   Data           4  stm32f4xx_hal.o(.data)
    Appli_state                              0x20000010   Data           1  usb_host.o(.data)
    DHCPfineTimer                            0x20000014   Data           4  lwip.o(.data)
    DHCPcoarseTimer                          0x20000018   Data           4  lwip.o(.data)
    ipaddr                                   0x2000001c   Data           4  lwip.o(.data)
    netmask                                  0x20000020   Data           4  lwip.o(.data)
    gw                                       0x20000024   Data           4  lwip.o(.data)
    SystemCoreClock                          0x20000028   Data           4  system_stm32f4xx.o(.data)
    netif_list                               0x2000002c   Data           4  netif.o(.data)
    netif_default                            0x20000030   Data           4  netif.o(.data)
    memp_pools                               0x20000068   Data          36  memp.o(.data)
    udp_pcbs                                 0x20000098   Data           4  udp.o(.data)
    tcp_ticks                                0x200000b8   Data           4  tcp.o(.data)
    tcp_bound_pcbs                           0x200000bc   Data           4  tcp.o(.data)
    tcp_listen_pcbs                          0x200000c0   Data           4  tcp.o(.data)
    tcp_active_pcbs                          0x200000c4   Data           4  tcp.o(.data)
    tcp_tw_pcbs                              0x200000c8   Data           4  tcp.o(.data)
    tcp_active_pcbs_changed                  0x200000cc   Data           1  tcp.o(.data)
    tcp_input_pcb                            0x200000fc   Data           4  tcp_in.o(.data)
    pbuf_free_ooseq_pending                  0x20000100   Data           1  pbuf.o(.data)
    host_class_request_index                 0x20000104   Data           1  usbh_core.o(.data)
    usbh_busy_index                          0x20000105   Data           1  usbh_core.o(.data)
    oid_supported_buf                        0x20000108   Data           4  usbh_core.o(.data)
    data_to_set                              0x2000010c   Data           2  usbh_core.o(.data)
    CDC_Class                                0x20000110   Data          32  usbh_cdc.o(.data)
    cdc_index                                0x20000130   Data           1  usbh_cdc.o(.data)
    __microlib_freelist                      0x20000138   Data           4  mvars.o(.data)
    __microlib_freelist_initialised          0x2000013c   Data           4  mvars.o(.data)
    huart1                                   0x20000140   Data          64  main.o(.bss)
    hUsbHostHS                               0x20000180   Data         968  usb_host.o(.bss)
    DMARxDscrTab                             0x20000548   Data         128  ethernetif.o(.bss)
    DMATxDscrTab                             0x200005c8   Data         128  ethernetif.o(.bss)
    Rx_Buff                                  0x20000648   Data        6096  ethernetif.o(.bss)
    Tx_Buff                                  0x20001e18   Data        6096  ethernetif.o(.bss)
    heth                                     0x200035e8   Data          72  ethernetif.o(.bss)
    hhcd_USB_OTG_HS                          0x20003630   Data         664  usbh_conf.o(.bss)
    gnetif                                   0x200038c8   Data          52  lwip.o(.bss)
    ram_heap                                 0x200038fc   Data        1620  mem.o(.bss)
    memp_memory_UDP_PCB_base                 0x20003f50   Data         128  memp.o(.bss)
    memp_memory_TCP_PCB_base                 0x20003fd0   Data         760  memp.o(.bss)
    memp_memory_TCP_PCB_LISTEN_base          0x200042c8   Data         224  memp.o(.bss)
    memp_memory_TCP_SEG_base                 0x200043a8   Data         256  memp.o(.bss)
    memp_memory_REASSDATA_base               0x200044a8   Data         160  memp.o(.bss)
    memp_memory_FRAG_PBUF_base               0x20004548   Data         360  memp.o(.bss)
    memp_memory_SYS_TIMEOUT_base             0x200046b0   Data          80  memp.o(.bss)
    memp_memory_PBUF_base                    0x20004700   Data         256  memp.o(.bss)
    memp_memory_PBUF_POOL_base               0x20004800   Data        9728  memp.o(.bss)
    dhcp_rx_options_val                      0x20006e00   Data          40  dhcp.o(.bss)
    dhcp_rx_options_given                    0x20006e28   Data          10  dhcp.o(.bss)
    ip_data                                  0x20006f24   Data          24  ip4.o(.bss)
    RNDIS_Data_buf                           0x20006f4c   Data         108  usbh_core.o(.bss)
    encap_buf_rx                             0x20006fb8   Data         140  rndis.o(.bss)
    encap_buf_tx                             0x20007044   Data         140  rndis.o(.bss)
    __heap_base                              0x200070d0   Data           0  startup_stm32f407xx.o(HEAP)
    __heap_limit                             0x200072d0   Data           0  startup_stm32f407xx.o(HEAP)
    __initial_sp                             0x200076d0   Data           0  startup_stm32f407xx.o(STACK)



==============================================================================

Memory Map of the image

  Image Entry point : 0x08000189

  Load Region LR_IROM1 (Base: 0x08000000, Size: 0x0000bdd0, Max: 0x00100000, ABSOLUTE, COMPRESSED[0x0000bce4])

    Execution Region ER_IROM1 (Base: 0x08000000, Size: 0x0000bc90, Max: 0x00100000, ABSOLUTE)

    Base Addr    Size         Type   Attr      Idx    E Section Name        Object

    0x08000000   0x00000188   Data   RO         2731    RESET               startup_stm32f407xx.o
    0x08000188   0x00000000   Code   RO         6160  * .ARM.Collect$$$$00000000  mc_w.l(entry.o)
    0x08000188   0x00000004   Code   RO         6204    .ARM.Collect$$$$00000001  mc_w.l(entry2.o)
    0x0800018c   0x00000004   Code   RO         6207    .ARM.Collect$$$$00000004  mc_w.l(entry5.o)
    0x08000190   0x00000000   Code   RO         6209    .ARM.Collect$$$$00000008  mc_w.l(entry7b.o)
    0x08000190   0x00000000   Code   RO         6211    .ARM.Collect$$$$0000000A  mc_w.l(entry8b.o)
    0x08000190   0x00000008   Code   RO         6212    .ARM.Collect$$$$0000000B  mc_w.l(entry9a.o)
    0x08000198   0x00000000   Code   RO         6214    .ARM.Collect$$$$0000000D  mc_w.l(entry10a.o)
    0x08000198   0x00000000   Code   RO         6216    .ARM.Collect$$$$0000000F  mc_w.l(entry11a.o)
    0x08000198   0x00000004   Code   RO         6205    .ARM.Collect$$$$00002712  mc_w.l(entry2.o)
    0x0800019c   0x00000024   Code   RO         2732    .text               startup_stm32f407xx.o
    0x080001c0   0x00000024   Code   RO         6163    .text               mc_w.l(rand.o)
    0x080001e4   0x00000024   Code   RO         6166    .text               mc_w.l(memcpya.o)
    0x08000208   0x00000024   Code   RO         6168    .text               mc_w.l(memseta.o)
    0x0800022c   0x0000001a   Code   RO         6172    .text               mc_w.l(memcmp.o)
    0x08000246   0x00000002   PAD
    0x08000248   0x00000024   Code   RO         6220    .text               mc_w.l(init.o)
    0x0800026c   0x00000056   Code   RO         6230    .text               mc_w.l(__dczerorl2.o)
    0x080002c2   0x00000004   Code   RO         2126    i.BusFault_Handler  stm32f4xx_it.o
    0x080002c6   0x0000007e   Code   RO         5951    i.CDC_ProcessReception  usbh_cdc.o
    0x08000344   0x000000a6   Code   RO         5952    i.CDC_ProcessTransmission  usbh_cdc.o
    0x080003ea   0x00000052   Code   RO         5710    i.DeInitStateMachine  usbh_core.o
    0x0800043c   0x00000002   Code   RO         2127    i.DebugMon_Handler  stm32f4xx_it.o
    0x0800043e   0x00000016   Code   RO         1893    i.ETH_DMAReceptionEnable  stm32f4xx_hal_eth.o
    0x08000454   0x00000016   Code   RO         1895    i.ETH_DMATransmissionEnable  stm32f4xx_hal_eth.o
    0x0800046a   0x00000002   PAD
    0x0800046c   0x00000028   Code   RO         1896    i.ETH_Delay         stm32f4xx_hal_eth.o
    0x08000494   0x00000038   Code   RO         1897    i.ETH_FlushTransmitFIFO  stm32f4xx_hal_eth.o
    0x080004cc   0x00000034   Code   RO         1898    i.ETH_MACAddressConfig  stm32f4xx_hal_eth.o
    0x08000500   0x00000244   Code   RO         1899    i.ETH_MACDMAConfig  stm32f4xx_hal_eth.o
    0x08000744   0x00000028   Code   RO         1901    i.ETH_MACReceptionEnable  stm32f4xx_hal_eth.o
    0x0800076c   0x00000028   Code   RO         1903    i.ETH_MACTransmissionEnable  stm32f4xx_hal_eth.o
    0x08000794   0x0000002c   Code   RO         2208    i.Error_Handler     main.o
    0x080007c0   0x00000024   Code   RO         5953    i.GetLineCoding     usbh_cdc.o
    0x080007e4   0x0000001a   Code   RO         1440    i.HAL_Delay         stm32f4xx_hal.o
    0x080007fe   0x0000008c   Code   RO         1906    i.HAL_ETH_DMARxDescListInit  stm32f4xx_hal_eth.o
    0x0800088a   0x00000084   Code   RO         1907    i.HAL_ETH_DMATxDescListInit  stm32f4xx_hal_eth.o
    0x0800090e   0x00000002   PAD
    0x08000910   0x000002a0   Code   RO         1914    i.HAL_ETH_Init      stm32f4xx_hal_eth.o
    0x08000bb0   0x000000fc   Code   RO         2429    i.HAL_ETH_MspInit   ethernetif.o
    0x08000cac   0x00000092   Code   RO         1917    i.HAL_ETH_ReadPHYRegister  stm32f4xx_hal_eth.o
    0x08000d3e   0x00000052   Code   RO         1919    i.HAL_ETH_Start     stm32f4xx_hal_eth.o
    0x08000d90   0x0000013e   Code   RO         1921    i.HAL_ETH_TransmitFrame  stm32f4xx_hal_eth.o
    0x08000ece   0x00000090   Code   RO         1923    i.HAL_ETH_WritePHYRegister  stm32f4xx_hal_eth.o
    0x08000f5e   0x00000002   PAD
    0x08000f60   0x00000200   Code   RO         1829    i.HAL_GPIO_Init     stm32f4xx_hal_gpio.o
    0x08001160   0x00000008   Code   RO         1832    i.HAL_GPIO_TogglePin  stm32f4xx_hal_gpio.o
    0x08001168   0x0000000c   Code   RO         1833    i.HAL_GPIO_WritePin  stm32f4xx_hal_gpio.o
    0x08001174   0x0000000c   Code   RO         1446    i.HAL_GetTick       stm32f4xx_hal.o
    0x08001180   0x0000000e   Code   RO         2511    i.HAL_HCD_Connect_Callback  usbh_conf.o
    0x0800118e   0x0000000e   Code   RO         2512    i.HAL_HCD_Disconnect_Callback  usbh_conf.o
    0x0800119c   0x0000000c   Code   RO          774    i.HAL_HCD_GetCurrentFrame  stm32f4xx_hal_hcd.o
    0x080011a8   0x0000000c   Code   RO          775    i.HAL_HCD_GetCurrentSpeed  stm32f4xx_hal_hcd.o
    0x080011b4   0x00000014   Code   RO          778    i.HAL_HCD_HC_GetURBState  stm32f4xx_hal_hcd.o
    0x080011c8   0x00000012   Code   RO          779    i.HAL_HCD_HC_GetXferCount  stm32f4xx_hal_hcd.o
    0x080011da   0x00000034   Code   RO          780    i.HAL_HCD_HC_Halt   stm32f4xx_hal_hcd.o
    0x0800120e   0x000000ba   Code   RO          781    i.HAL_HCD_HC_Init   stm32f4xx_hal_hcd.o
    0x080012c8   0x00000002   Code   RO         2513    i.HAL_HCD_HC_NotifyURBChange_Callback  usbh_conf.o
    0x080012ca   0x00000268   Code   RO          783    i.HAL_HCD_HC_SubmitRequest  stm32f4xx_hal_hcd.o
    0x08001532   0x00000166   Code   RO          784    i.HAL_HCD_IRQHandler  stm32f4xx_hal_hcd.o
    0x08001698   0x0000005a   Code   RO          785    i.HAL_HCD_Init      stm32f4xx_hal_hcd.o
    0x080016f2   0x00000002   PAD
    0x080016f4   0x0000006c   Code   RO         2515    i.HAL_HCD_MspInit   usbh_conf.o
    0x08001760   0x0000000c   Code   RO          788    i.HAL_HCD_ResetPort  stm32f4xx_hal_hcd.o
    0x0800176c   0x0000000e   Code   RO         2516    i.HAL_HCD_SOF_Callback  usbh_conf.o
    0x0800177a   0x00000036   Code   RO          790    i.HAL_HCD_Start     stm32f4xx_hal_hcd.o
    0x080017b0   0x0000002e   Code   RO          791    i.HAL_HCD_Stop      stm32f4xx_hal_hcd.o
    0x080017de   0x00000002   PAD
    0x080017e0   0x00000010   Code   RO         1447    i.HAL_IncTick       stm32f4xx_hal.o
    0x080017f0   0x0000003c   Code   RO         1448    i.HAL_Init          stm32f4xx_hal.o
    0x0800182c   0x00000028   Code   RO         1449    i.HAL_InitTick      stm32f4xx_hal.o
    0x08001854   0x00000056   Code   RO         2090    i.HAL_MspInit       stm32f4xx_hal_msp.o
    0x080018aa   0x0000001a   Code   RO         1701    i.HAL_NVIC_EnableIRQ  stm32f4xx_hal_cortex.o
    0x080018c4   0x0000007c   Code   RO         1707    i.HAL_NVIC_SetPriority  stm32f4xx_hal_cortex.o
    0x08001940   0x00000028   Code   RO         1708    i.HAL_NVIC_SetPriorityGrouping  stm32f4xx_hal_cortex.o
    0x08001968   0x000001b0   Code   RO         1380    i.HAL_RCCEx_PeriphCLKConfig  stm32f4xx_hal_rcc_ex.o
    0x08001b18   0x000001d0   Code   RO          199    i.HAL_RCC_ClockConfig  stm32f4xx_hal_rcc.o
    0x08001ce8   0x0000000c   Code   RO          204    i.HAL_RCC_GetHCLKFreq  stm32f4xx_hal_rcc.o
    0x08001cf4   0x0000002c   Code   RO          206    i.HAL_RCC_GetPCLK1Freq  stm32f4xx_hal_rcc.o
    0x08001d20   0x0000002c   Code   RO          207    i.HAL_RCC_GetPCLK2Freq  stm32f4xx_hal_rcc.o
    0x08001d4c   0x000000b4   Code   RO          208    i.HAL_RCC_GetSysClockFreq  stm32f4xx_hal_rcc.o
    0x08001e00   0x0000039c   Code   RO          211    i.HAL_RCC_OscConfig  stm32f4xx_hal_rcc.o
    0x0800219c   0x00000002   Code   RO         1711    i.HAL_SYSTICK_Callback  stm32f4xx_hal_cortex.o
    0x0800219e   0x00000034   Code   RO         1712    i.HAL_SYSTICK_Config  stm32f4xx_hal_cortex.o
    0x080021d2   0x00000008   Code   RO         1713    i.HAL_SYSTICK_IRQHandler  stm32f4xx_hal_cortex.o
    0x080021da   0x00000072   Code   RO          319    i.HAL_UART_Init     stm32f4xx_hal_uart.o
    0x0800224c   0x0000007c   Code   RO         2092    i.HAL_UART_MspInit  stm32f4xx_hal_msp.o
    0x080022c8   0x000004f4   Code   RO          792    i.HCD_HC_IN_IRQHandler  stm32f4xx_hal_hcd.o
    0x080027bc   0x000004f0   Code   RO          793    i.HCD_HC_OUT_IRQHandler  stm32f4xx_hal_hcd.o
    0x08002cac   0x000000d2   Code   RO          794    i.HCD_Port_IRQHandler  stm32f4xx_hal_hcd.o
    0x08002d7e   0x00000002   PAD
    0x08002d80   0x00000108   Code   RO          795    i.HCD_RXQLVL_IRQHandler  stm32f4xx_hal_hcd.o
    0x08002e88   0x00000004   Code   RO         2128    i.HardFault_Handler  stm32f4xx_it.o
    0x08002e8c   0x00000014   Code   RO         2209    i.LTE_Enable        main.o
    0x08002ea0   0x00000128   Code   RO         2210    i.MX_GPIO_Init      main.o
    0x08002fc8   0x0000006c   Code   RO         2658    i.MX_LWIP_Init      lwip.o
    0x08003034   0x00000038   Code   RO         2211    i.MX_USART1_UART_Init  main.o
    0x0800306c   0x00000028   Code   RO         2363    i.MX_USB_HOST_Init  usb_host.o
    0x08003094   0x00000010   Code   RO         2364    i.MX_USB_HOST_Process  usb_host.o
    0x080030a4   0x00000004   Code   RO         2129    i.MemManage_Handler  stm32f4xx_it.o
    0x080030a8   0x00000002   Code   RO         2130    i.NMI_Handler       stm32f4xx_it.o
    0x080030aa   0x00000002   PAD
    0x080030ac   0x00000010   Code   RO         1714    i.NVIC_GetPriorityGrouping  stm32f4xx_hal_cortex.o
    0x080030bc   0x00000028   Code   RO         1715    i.NVIC_SetPriority  stm32f4xx_hal_cortex.o
    0x080030e4   0x00000010   Code   RO         2131    i.OTG_HS_IRQHandler  stm32f4xx_it.o
    0x080030f4   0x00000002   Code   RO         2132    i.PendSV_Handler    stm32f4xx_it.o
    0x080030f6   0x00000002   Code   RO         2133    i.SVC_Handler       stm32f4xx_it.o
    0x080030f8   0x0000000c   Code   RO         2134    i.SysTick_Handler   stm32f4xx_it.o
    0x08003104   0x000000b4   Code   RO         2212    i.SystemClock_Config  main.o
    0x080031b8   0x00000064   Code   RO         2696    i.SystemInit        system_stm32f4xx.o
    0x0800321c   0x00000368   Code   RO          342    i.UART_SetConfig    stm32f4xx_hal_uart.o
    0x08003584   0x00000026   Code   RO         5663    i.USBH_AllocPipe    usbh_pipes.o
    0x080035aa   0x0000002a   Code   RO         5591    i.USBH_BulkReceiveData  usbh_ioreq.o
    0x080035d4   0x00000034   Code   RO         5592    i.USBH_BulkSendData  usbh_ioreq.o
    0x08003608   0x00000028   Code   RO         5955    i.USBH_CDC_ClassRequest  usbh_cdc.o
    0x08003630   0x00000070   Code   RO         5958    i.USBH_CDC_InterfaceDeInit  usbh_cdc.o
    0x080036a0   0x000001f6   Code   RO         5959    i.USBH_CDC_InterfaceInit  usbh_cdc.o
    0x08003896   0x00000080   Code   RO         5961    i.USBH_CDC_Process  usbh_cdc.o
    0x08003916   0x00000002   Code   RO         5963    i.USBH_CDC_ReceiveCallback  usbh_cdc.o
    0x08003918   0x00000006   Code   RO         5964    i.USBH_CDC_SOFProcess  usbh_cdc.o
    0x0800391e   0x00000002   Code   RO         5968    i.USBH_CDC_TransmitCallback  usbh_cdc.o
    0x08003920   0x00000012   Code   RO         5664    i.USBH_ClosePipe    usbh_pipes.o
    0x08003932   0x00000028   Code   RO         5843    i.USBH_ClrFeature   usbh_ctlreq.o
    0x0800395a   0x0000002a   Code   RO         5593    i.USBH_CtlReceiveData  usbh_ioreq.o
    0x08003984   0x00000054   Code   RO         5844    i.USBH_CtlReq       usbh_ctlreq.o
    0x080039d8   0x00000034   Code   RO         5594    i.USBH_CtlSendData  usbh_ioreq.o
    0x08003a0c   0x00000026   Code   RO         5595    i.USBH_CtlSendSetup  usbh_ioreq.o
    0x08003a32   0x0000000c   Code   RO         2517    i.USBH_Delay        usbh_conf.o
    0x08003a3e   0x00000050   Code   RO         5712    i.USBH_FindInterface  usbh_core.o
    0x08003a8e   0x0000001e   Code   RO         5665    i.USBH_FreePipe     usbh_pipes.o
    0x08003aac   0x0000004a   Code   RO         5845    i.USBH_GetDescriptor  usbh_ctlreq.o
    0x08003af6   0x00000028   Code   RO         5666    i.USBH_GetFreePipe  usbh_pipes.o
    0x08003b1e   0x00000012   Code   RO         5846    i.USBH_GetNextDesc  usbh_ctlreq.o
    0x08003b30   0x0000002e   Code   RO         5847    i.USBH_Get_CfgDesc  usbh_ctlreq.o
    0x08003b5e   0x0000002e   Code   RO         5848    i.USBH_Get_DevDesc  usbh_ctlreq.o
    0x08003b8c   0x00000036   Code   RO         5849    i.USBH_Get_StringDesc  usbh_ctlreq.o
    0x08003bc2   0x000001be   Code   RO         5850    i.USBH_HandleControl  usbh_ctlreq.o
    0x08003d80   0x0000015a   Code   RO         5715    i.USBH_HandleEnum   usbh_core.o
    0x08003eda   0x0000001c   Code   RO         5716    i.USBH_HandleSof    usbh_core.o
    0x08003ef6   0x00000032   Code   RO         5717    i.USBH_Init         usbh_core.o
    0x08003f28   0x00000014   Code   RO         2518    i.USBH_LL_ClosePipe  usbh_conf.o
    0x08003f3c   0x0000002e   Code   RO         5718    i.USBH_LL_Connect   usbh_core.o
    0x08003f6a   0x0000003e   Code   RO         5719    i.USBH_LL_Disconnect  usbh_core.o
    0x08003fa8   0x00000018   Code   RO         2520    i.USBH_LL_DriverVBUS  usbh_conf.o
    0x08003fc0   0x00000012   Code   RO         2521    i.USBH_LL_GetLastXferSize  usbh_conf.o
    0x08003fd2   0x00000030   Code   RO         2522    i.USBH_LL_GetSpeed  usbh_conf.o
    0x08004002   0x00000012   Code   RO         2524    i.USBH_LL_GetURBState  usbh_conf.o
    0x08004014   0x00000016   Code   RO         5720    i.USBH_LL_IncTimer  usbh_core.o
    0x0800402a   0x00000002   PAD
    0x0800402c   0x00000060   Code   RO         2525    i.USBH_LL_Init      usbh_conf.o
    0x0800408c   0x0000002c   Code   RO         2526    i.USBH_LL_OpenPipe  usbh_conf.o
    0x080040b8   0x00000010   Code   RO         2527    i.USBH_LL_ResetPort  usbh_conf.o
    0x080040c8   0x00000006   Code   RO         5721    i.USBH_LL_SetTimer  usbh_core.o
    0x080040ce   0x0000003a   Code   RO         2528    i.USBH_LL_SetToggle  usbh_conf.o
    0x08004108   0x00000010   Code   RO         2529    i.USBH_LL_Start     usbh_conf.o
    0x08004118   0x00000010   Code   RO         2530    i.USBH_LL_Stop      usbh_conf.o
    0x08004128   0x0000002e   Code   RO         2531    i.USBH_LL_SubmitURB  usbh_conf.o
    0x08004156   0x0000002a   Code   RO         5667    i.USBH_OpenPipe     usbh_pipes.o
    0x08004180   0x000000da   Code   RO         5851    i.USBH_ParseCfgDesc  usbh_ctlreq.o
    0x0800425a   0x00000058   Code   RO         5852    i.USBH_ParseDevDesc  usbh_ctlreq.o
    0x080042b2   0x00000020   Code   RO         5853    i.USBH_ParseEPDesc  usbh_ctlreq.o
    0x080042d2   0x00000026   Code   RO         5854    i.USBH_ParseInterfaceDesc  usbh_ctlreq.o
    0x080042f8   0x00000036   Code   RO         5855    i.USBH_ParseStringDesc  usbh_ctlreq.o
    0x0800432e   0x00000002   PAD
    0x08004330   0x000003f8   Code   RO         5722    i.USBH_Process      usbh_core.o
    0x08004728   0x00000024   Code   RO         6075    i.USBH_RNDIS_Get_Encapsulated_Response  rndis.o
    0x0800474c   0x0000005c   Code   RO         6076    i.USBH_RNDIS_Get_Initialisation_Complete  rndis.o
    0x080047a8   0x0000003c   Code   RO         6078    i.USBH_RNDIS_Get_SetResponse  rndis.o
    0x080047e4   0x0000004c   Code   RO         6079    i.USBH_RNDIS_Get_Specific_Oid  rndis.o
    0x08004830   0x0000004c   Code   RO         6081    i.USBH_RNDIS_Query_Specific_Oid  rndis.o
    0x0800487c   0x00000022   Code   RO         6083    i.USBH_RNDIS_Send_Encapsulated_Command  rndis.o
    0x0800489e   0x00000002   PAD
    0x080048a0   0x00000034   Code   RO         6084    i.USBH_RNDIS_Send_Initialisation_Message  rndis.o
    0x080048d4   0x0000004c   Code   RO         6085    i.USBH_RNDIS_Set_Oid_Property  rndis.o
    0x08004920   0x0000002a   Code   RO         5724    i.USBH_RegisterClass  usbh_core.o
    0x0800494a   0x00000016   Code   RO         5725    i.USBH_SelectInterface  usbh_core.o
    0x08004960   0x00000028   Code   RO         5856    i.USBH_SetAddress   usbh_ctlreq.o
    0x08004988   0x00000028   Code   RO         5857    i.USBH_SetCfg       usbh_ctlreq.o
    0x080049b0   0x00000016   Code   RO         5726    i.USBH_Start        usbh_core.o
    0x080049c6   0x00000002   PAD
    0x080049c8   0x00000038   Code   RO         2365    i.USBH_UserProcess  usb_host.o
    0x08004a00   0x00000068   Code   RO          975    i.USB_CoreInit      stm32f4xx_ll_usb.o
    0x08004a68   0x0000004c   Code   RO          976    i.USB_CoreReset     stm32f4xx_ll_usb.o
    0x08004ab4   0x0000000e   Code   RO          982    i.USB_DisableGlobalInt  stm32f4xx_ll_usb.o
    0x08004ac2   0x00000002   PAD
    0x08004ac4   0x00000040   Code   RO          983    i.USB_DoPing        stm32f4xx_ll_usb.o
    0x08004b04   0x00000044   Code   RO          984    i.USB_DriveVbus     stm32f4xx_ll_usb.o
    0x08004b48   0x0000000e   Code   RO          990    i.USB_EnableGlobalInt  stm32f4xx_ll_usb.o
    0x08004b56   0x00000002   PAD
    0x08004b58   0x0000002c   Code   RO          991    i.USB_FlushRxFifo   stm32f4xx_ll_usb.o
    0x08004b84   0x00000030   Code   RO          992    i.USB_FlushTxFifo   stm32f4xx_ll_usb.o
    0x08004bb4   0x0000000c   Code   RO          993    i.USB_GetCurrentFrame  stm32f4xx_ll_usb.o
    0x08004bc0   0x00000012   Code   RO          995    i.USB_GetHostSpeed  stm32f4xx_ll_usb.o
    0x08004bd2   0x0000000a   Code   RO          996    i.USB_GetMode       stm32f4xx_ll_usb.o
    0x08004bdc   0x00000148   Code   RO          997    i.USB_HC_Halt       stm32f4xx_ll_usb.o
    0x08004d24   0x00000188   Code   RO          998    i.USB_HC_Init       stm32f4xx_ll_usb.o
    0x08004eac   0x0000000c   Code   RO          999    i.USB_HC_ReadInterrupt  stm32f4xx_ll_usb.o
    0x08004eb8   0x00000188   Code   RO         1000    i.USB_HC_StartXfer  stm32f4xx_ll_usb.o
    0x08005040   0x000000ec   Code   RO         1001    i.USB_HostInit      stm32f4xx_ll_usb.o
    0x0800512c   0x0000003e   Code   RO         1002    i.USB_InitFSLSPClkSel  stm32f4xx_ll_usb.o
    0x0800516a   0x0000000c   Code   RO         1007    i.USB_ReadInterrupts  stm32f4xx_ll_usb.o
    0x08005176   0x00000022   Code   RO         1008    i.USB_ReadPacket    stm32f4xx_ll_usb.o
    0x08005198   0x00000030   Code   RO         1009    i.USB_ResetPort     stm32f4xx_ll_usb.o
    0x080051c8   0x00000030   Code   RO         1010    i.USB_SetCurrentMode  stm32f4xx_ll_usb.o
    0x080051f8   0x000000ae   Code   RO         1014    i.USB_StopHost      stm32f4xx_ll_usb.o
    0x080052a6   0x00000030   Code   RO         1015    i.USB_WritePacket   stm32f4xx_ll_usb.o
    0x080052d6   0x00000004   Code   RO         2135    i.UsageFault_Handler  stm32f4xx_it.o
    0x080052da   0x0000000e   Code   RO         6224    i.__scatterload_copy  mc_w.l(handlers.o)
    0x080052e8   0x00000002   Code   RO         6225    i.__scatterload_null  mc_w.l(handlers.o)
    0x080052ea   0x0000000e   Code   RO         6226    i.__scatterload_zeroinit  mc_w.l(handlers.o)
    0x080052f8   0x0000001c   Code   RO         4559    i.arp_timer         lwip_timers.o
    0x08005314   0x0000002e   Code   RO         3789    i.dhcp_arp_reply    dhcp.o
    0x08005342   0x00000102   Code   RO         3790    i.dhcp_bind         dhcp.o
    0x08005444   0x0000003e   Code   RO         3791    i.dhcp_check        dhcp.o
    0x08005482   0x00000002   PAD
    0x08005484   0x00000068   Code   RO         3793    i.dhcp_coarse_tmr   dhcp.o
    0x080054ec   0x00000150   Code   RO         3794    i.dhcp_create_msg   dhcp.o
    0x0800563c   0x00000090   Code   RO         3795    i.dhcp_decline      dhcp.o
    0x080056cc   0x00000028   Code   RO         3796    i.dhcp_delete_msg   dhcp.o
    0x080056f4   0x000000d0   Code   RO         3797    i.dhcp_discover     dhcp.o
    0x080057c4   0x00000044   Code   RO         3798    i.dhcp_fine_tmr     dhcp.o
    0x08005808   0x00000080   Code   RO         3799    i.dhcp_handle_ack   dhcp.o
    0x08005888   0x00000028   Code   RO         3800    i.dhcp_handle_nak   dhcp.o
    0x080058b0   0x0000002c   Code   RO         3801    i.dhcp_handle_offer  dhcp.o
    0x080058dc   0x00000020   Code   RO         3804    i.dhcp_option       dhcp.o
    0x080058fc   0x00000012   Code   RO         3805    i.dhcp_option_byte  dhcp.o
    0x0800590e   0x00000042   Code   RO         3806    i.dhcp_option_long  dhcp.o
    0x08005950   0x00000022   Code   RO         3807    i.dhcp_option_short  dhcp.o
    0x08005972   0x00000046   Code   RO         3808    i.dhcp_option_trailer  dhcp.o
    0x080059b8   0x00000314   Code   RO         3809    i.dhcp_parse_reply  dhcp.o
    0x08005ccc   0x00000090   Code   RO         3810    i.dhcp_rebind       dhcp.o
    0x08005d5c   0x000000b0   Code   RO         3811    i.dhcp_reboot       dhcp.o
    0x08005e0c   0x00000108   Code   RO         3812    i.dhcp_recv         dhcp.o
    0x08005f14   0x000000a4   Code   RO         3813    i.dhcp_release      dhcp.o
    0x08005fb8   0x0000008c   Code   RO         3814    i.dhcp_renew        dhcp.o
    0x08006044   0x000000fc   Code   RO         3815    i.dhcp_select       dhcp.o
    0x08006140   0x00000010   Code   RO         3816    i.dhcp_set_state    dhcp.o
    0x08006150   0x000000d0   Code   RO         3818    i.dhcp_start        dhcp.o
    0x08006220   0x0000002e   Code   RO         3819    i.dhcp_stop         dhcp.o
    0x0800624e   0x00000020   Code   RO         3820    i.dhcp_supplied_address  dhcp.o
    0x0800626e   0x00000048   Code   RO         3821    i.dhcp_t1_timeout   dhcp.o
    0x080062b6   0x0000004e   Code   RO         3822    i.dhcp_t2_timeout   dhcp.o
    0x08006304   0x00000074   Code   RO         3823    i.dhcp_timeout      dhcp.o
    0x08006378   0x0000001c   Code   RO         4560    i.dhcp_timer_coarse  lwip_timers.o
    0x08006394   0x0000001c   Code   RO         4561    i.dhcp_timer_fine   lwip_timers.o
    0x080063b0   0x00000014   Code   RO         3608    i.do_memp_free_pool  memp.o
    0x080063c4   0x00000108   Code   RO         4173    i.etharp_arp_input  etharp.o
    0x080064cc   0x00000038   Code   RO         4174    i.etharp_cleanup_netif  etharp.o
    0x08006504   0x00000160   Code   RO         4176    i.etharp_find_entry  etharp.o
    0x08006664   0x00000040   Code   RO         4177    i.etharp_free_entry  etharp.o
    0x080066a4   0x00000140   Code   RO         4179    i.etharp_output     etharp.o
    0x080067e4   0x000000b0   Code   RO         4180    i.etharp_output_to_arp_index  etharp.o
    0x08006894   0x0000016c   Code   RO         4181    i.etharp_query      etharp.o
    0x08006a00   0x000000b2   Code   RO         4182    i.etharp_raw        etharp.o
    0x08006ab2   0x00000002   PAD
    0x08006ab4   0x00000018   Code   RO         4183    i.etharp_request    etharp.o
    0x08006acc   0x0000002c   Code   RO         4184    i.etharp_request_dst  etharp.o
    0x08006af8   0x00000038   Code   RO         4185    i.etharp_send_ip    etharp.o
    0x08006b30   0x000000dc   Code   RO         4186    i.etharp_tmr        etharp.o
    0x08006c0c   0x000000b8   Code   RO         4187    i.etharp_update_arp_entry  etharp.o
    0x08006cc4   0x000000b8   Code   RO         4188    i.ethernet_input    etharp.o
    0x08006d7c   0x00000030   Code   RO         2430    i.ethernetif_init   ethernetif.o
    0x08006dac   0x00000050   Code   RO         6176    i.free              mc_w.l(malloc.o)
    0x08006dfc   0x00000012   Code   RO         4518    i.icmp_dest_unreach  icmp.o
    0x08006e0e   0x00000002   PAD
    0x08006e10   0x00000164   Code   RO         4519    i.icmp_input        icmp.o
    0x08006f74   0x00000074   Code   RO         4520    i.icmp_send_response  icmp.o
    0x08006fe8   0x00000012   Code   RO         4521    i.icmp_time_exceeded  icmp.o
    0x08006ffa   0x0000004e   Code   RO         4951    i.ip4_addr_isbroadcast_u32  ip4_addr.o
    0x08007048   0x0000019c   Code   RO         4329    i.ip4_frag          ip_frag.o
    0x080071e4   0x000001bc   Code   RO         5016    i.ip4_input         ip4.o
    0x080073a0   0x00000036   Code   RO         5018    i.ip4_output_if     ip4.o
    0x080073d6   0x00000002   PAD
    0x080073d8   0x000000c8   Code   RO         5019    i.ip4_output_if_src  ip4.o
    0x080074a0   0x000001a0   Code   RO         4330    i.ip4_reass         ip_frag.o
    0x08007640   0x00000090   Code   RO         5020    i.ip4_route         ip4.o
    0x080076d0   0x0000000a   Code   RO         4331    i.ip_frag_alloc_pbuf_custom_ref  ip_frag.o
    0x080076da   0x00000012   Code   RO         4332    i.ip_frag_free_pbuf_custom_ref  ip_frag.o
    0x080076ec   0x0000016c   Code   RO         4333    i.ip_reass_chain_frag_into_datagram_and_validate  ip_frag.o
    0x08007858   0x0000002c   Code   RO         4334    i.ip_reass_dequeue_datagram  ip_frag.o
    0x08007884   0x00000054   Code   RO         4335    i.ip_reass_enqueue_new_datagram  ip_frag.o
    0x080078d8   0x000000a0   Code   RO         4336    i.ip_reass_free_complete_datagram  ip_frag.o
    0x08007978   0x00000088   Code   RO         4337    i.ip_reass_remove_oldest_datagram  ip_frag.o
    0x08007a00   0x0000001c   Code   RO         4562    i.ip_reass_timer    lwip_timers.o
    0x08007a1c   0x00000034   Code   RO         4338    i.ip_reass_tmr      ip_frag.o
    0x08007a50   0x00000020   Code   RO         4339    i.ipfrag_free_pbuf_custom  ip_frag.o
    0x08007a70   0x00000120   Code   RO         2432    i.low_level_init    ethernetif.o
    0x08007b90   0x000000e8   Code   RO         2434    i.low_level_output  ethernetif.o
    0x08007c78   0x0000001a   Code   RO         4287    i.lwip_htonl        def.o
    0x08007c92   0x0000000c   Code   RO         4288    i.lwip_htons        def.o
    0x08007c9e   0x0000001c   Code   RO         5546    i.lwip_init         init.o
    0x08007cba   0x0000000c   Code   RO         4289    i.lwip_ntohl        def.o
    0x08007cc6   0x0000000c   Code   RO         4290    i.lwip_ntohs        def.o
    0x08007cd2   0x00000024   Code   RO         2213    i.main              main.o
    0x08007cf6   0x00000002   PAD
    0x08007cf8   0x0000006c   Code   RO         6177    i.malloc            mc_w.l(malloc.o)
    0x08007d64   0x00000050   Code   RO         3426    i.mem_free          mem.o
    0x08007db4   0x0000005c   Code   RO         3427    i.mem_init          mem.o
    0x08007e10   0x000000ec   Code   RO         3428    i.mem_malloc        mem.o
    0x08007efc   0x0000012c   Code   RO         3429    i.mem_trim          mem.o
    0x08008028   0x00000024   Code   RO         3609    i.memp_free         memp.o
    0x0800804c   0x0000002c   Code   RO         3611    i.memp_init         memp.o
    0x08008078   0x0000002c   Code   RO         3612    i.memp_init_pool    memp.o
    0x080080a4   0x00000024   Code   RO         3613    i.memp_malloc       memp.o
    0x080080c8   0x00000016   Code   RO         3614    i.memp_malloc_pool  memp.o
    0x080080de   0x00000002   PAD
    0x080080e0   0x00000074   Code   RO         2865    i.netif_add         netif.o
    0x08008154   0x00000002   Code   RO         2867    i.netif_init        netif.o
    0x08008156   0x00000024   Code   RO         2868    i.netif_issue_reports  netif.o
    0x0800817a   0x00000028   Code   RO         2870    i.netif_set_addr    netif.o
    0x080081a2   0x00000002   PAD
    0x080081a4   0x0000000c   Code   RO         2871    i.netif_set_default  netif.o
    0x080081b0   0x0000002a   Code   RO         2872    i.netif_set_down    netif.o
    0x080081da   0x0000000c   Code   RO         2873    i.netif_set_gw      netif.o
    0x080081e6   0x00000002   PAD
    0x080081e8   0x0000004c   Code   RO         2874    i.netif_set_ipaddr  netif.o
    0x08008234   0x0000000c   Code   RO         2877    i.netif_set_netmask  netif.o
    0x08008240   0x0000002c   Code   RO         2878    i.netif_set_up      netif.o
    0x0800826c   0x00000194   Code   RO         5359    i.pbuf_alloc        pbuf.o
    0x08008400   0x0000006e   Code   RO         5360    i.pbuf_alloced_custom  pbuf.o
    0x0800846e   0x00000038   Code   RO         5361    i.pbuf_cat          pbuf.o
    0x080084a6   0x00000016   Code   RO         5362    i.pbuf_chain        pbuf.o
    0x080084bc   0x00000012   Code   RO         5363    i.pbuf_clen         pbuf.o
    0x080084ce   0x000000c0   Code   RO         5365    i.pbuf_copy         pbuf.o
    0x0800858e   0x00000092   Code   RO         5366    i.pbuf_copy_partial  pbuf.o
    0x08008620   0x00000086   Code   RO         5368    i.pbuf_free         pbuf.o
    0x080086a6   0x00000012   Code   RO         5371    i.pbuf_header       pbuf.o
    0x080086b8   0x00000012   Code   RO         5372    i.pbuf_header_force  pbuf.o
    0x080086ca   0x0000008e   Code   RO         5373    i.pbuf_header_impl  pbuf.o
    0x08008758   0x00000010   Code   RO         5376    i.pbuf_pool_is_empty  pbuf.o
    0x08008768   0x00000080   Code   RO         5378    i.pbuf_realloc      pbuf.o
    0x080087e8   0x0000000a   Code   RO         5379    i.pbuf_ref          pbuf.o
    0x080087f2   0x00000002   PAD
    0x080087f4   0x00000088   Code   RO         3430    i.plug_holes        mem.o
    0x0800887c   0x00000008   Code   RO         2436    i.sys_now           ethernetif.o
    0x08008884   0x000000c4   Code   RO         4565    i.sys_timeout       lwip_timers.o
    0x08008948   0x00000050   Code   RO         4566    i.sys_timeouts_init  lwip_timers.o
    0x08008998   0x000000f4   Code   RO         4682    i.tcp_abandon       tcp.o
    0x08008a8c   0x0000000e   Code   RO         4683    i.tcp_abort         tcp.o
    0x08008a9a   0x00000002   PAD
    0x08008a9c   0x000000e0   Code   RO         4686    i.tcp_alloc         tcp.o
    0x08008b7c   0x0000001c   Code   RO         4689    i.tcp_close         tcp.o
    0x08008b98   0x000001a8   Code   RO         4690    i.tcp_close_shutdown  tcp.o
    0x08008d40   0x000000be   Code   RO         3013    i.tcp_create_segment  tcp_out.o
    0x08008dfe   0x0000003a   Code   RO         4693    i.tcp_eff_send_mss_impl  tcp.o
    0x08008e38   0x00000124   Code   RO         3014    i.tcp_enqueue_flags  tcp_out.o
    0x08008f5c   0x0000007c   Code   RO         4695    i.tcp_fasttmr       tcp.o
    0x08008fd8   0x00000058   Code   RO         5175    i.tcp_getoptbyte    tcp_in.o
    0x08009030   0x00000002   Code   RO         4696    i.tcp_init          tcp.o
    0x08009032   0x00000002   PAD
    0x08009034   0x000004f4   Code   RO         5176    i.tcp_input         tcp_in.o
    0x08009528   0x0000005a   Code   RO         3015    i.tcp_keepalive     tcp_out.o
    0x08009582   0x00000002   PAD
    0x08009584   0x00000058   Code   RO         4697    i.tcp_kill_prio     tcp.o
    0x080095dc   0x0000004c   Code   RO         4698    i.tcp_kill_state    tcp.o
    0x08009628   0x0000003c   Code   RO         4699    i.tcp_kill_timewait  tcp.o
    0x08009664   0x00000128   Code   RO         5177    i.tcp_listen_input  tcp_in.o
    0x0800978c   0x00000054   Code   RO         4701    i.tcp_netif_ipv4_addr_changed  tcp.o
    0x080097e0   0x0000002a   Code   RO         4702    i.tcp_netif_ipv4_addr_changed_pcblist  tcp.o
    0x0800980a   0x00000002   PAD
    0x0800980c   0x0000001c   Code   RO         4705    i.tcp_next_iss      tcp.o
    0x08009828   0x00000090   Code   RO         5178    i.tcp_oos_insert_segment  tcp_in.o
    0x080098b8   0x000001d8   Code   RO         3016    i.tcp_output        tcp_out.o
    0x08009a90   0x00000078   Code   RO         3017    i.tcp_output_alloc_header  tcp_out.o
    0x08009b08   0x000000e8   Code   RO         3018    i.tcp_output_segment  tcp_out.o
    0x08009bf0   0x000000c0   Code   RO         5179    i.tcp_parseopt      tcp_in.o
    0x08009cb0   0x00000048   Code   RO         4706    i.tcp_pcb_purge     tcp.o
    0x08009cf8   0x0000007c   Code   RO         4707    i.tcp_pcb_remove    tcp.o
    0x08009d74   0x00000578   Code   RO         5180    i.tcp_process       tcp_in.o
    0x0800a2ec   0x00000094   Code   RO         4709    i.tcp_process_refused_data  tcp.o
    0x0800a380   0x000009e8   Code   RO         5181    i.tcp_receive       tcp_in.o
    0x0800ad68   0x0000002e   Code   RO         4711    i.tcp_recv_null     tcp.o
    0x0800ad96   0x0000005e   Code   RO         4712    i.tcp_recved        tcp.o
    0x0800adf4   0x0000005a   Code   RO         3020    i.tcp_rexmit        tcp_out.o
    0x0800ae4e   0x00000070   Code   RO         3021    i.tcp_rexmit_fast   tcp_out.o
    0x0800aebe   0x0000003a   Code   RO         3022    i.tcp_rexmit_rto    tcp_out.o
    0x0800aef8   0x00000088   Code   RO         3023    i.tcp_rst           tcp_out.o
    0x0800af80   0x00000024   Code   RO         4713    i.tcp_seg_copy      tcp.o
    0x0800afa4   0x0000001a   Code   RO         4714    i.tcp_seg_free      tcp.o
    0x0800afbe   0x00000018   Code   RO         4715    i.tcp_segs_free     tcp.o
    0x0800afd6   0x00000076   Code   RO         3024    i.tcp_send_empty_ack  tcp_out.o
    0x0800b04c   0x0000004a   Code   RO         3025    i.tcp_send_fin      tcp_out.o
    0x0800b096   0x00000002   PAD
    0x0800b098   0x00000374   Code   RO         4719    i.tcp_slowtmr       tcp.o
    0x0800b40c   0x00000038   Code   RO         4569    i.tcp_timer_needed  lwip_timers.o
    0x0800b444   0x000000a8   Code   RO         5182    i.tcp_timewait_input  tcp_in.o
    0x0800b4ec   0x00000024   Code   RO         4720    i.tcp_tmr           tcp.o
    0x0800b510   0x00000014   Code   RO         5183    i.tcp_trigger_input_pcb_close  tcp_in.o
    0x0800b524   0x0000004e   Code   RO         4722    i.tcp_update_rcv_ann_wnd  tcp.o
    0x0800b572   0x000000c6   Code   RO         3028    i.tcp_zero_window_probe  tcp_out.o
    0x0800b638   0x00000038   Code   RO         4570    i.tcpip_tcp_timer   lwip_timers.o
    0x0800b670   0x00000098   Code   RO         4019    i.udp_bind          udp.o
    0x0800b708   0x0000006c   Code   RO         4020    i.udp_connect       udp.o
    0x0800b774   0x00000002   Code   RO         4022    i.udp_init          udp.o
    0x0800b776   0x00000002   PAD
    0x0800b778   0x000001a8   Code   RO         4023    i.udp_input         udp.o
    0x0800b920   0x00000030   Code   RO         4024    i.udp_netif_ipv4_addr_changed  udp.o
    0x0800b950   0x0000001c   Code   RO         4025    i.udp_new           udp.o
    0x0800b96c   0x00000058   Code   RO         4026    i.udp_new_port      udp.o
    0x0800b9c4   0x00000006   Code   RO         4027    i.udp_recv          udp.o
    0x0800b9ca   0x00000002   PAD
    0x0800b9cc   0x00000044   Code   RO         4028    i.udp_remove        udp.o
    0x0800ba10   0x00000046   Code   RO         4031    i.udp_sendto_if     udp.o
    0x0800ba56   0x000000b6   Code   RO         4032    i.udp_sendto_if_src  udp.o
    0x0800bb0c   0x00000010   Data   RO          212    .constdata          stm32f4xx_hal_rcc.o
    0x0800bb1c   0x00000006   Data   RO         2215    .constdata          main.o
    0x0800bb22   0x00000002   PAD
    0x0800bb24   0x0000006c   Data   RO         3616    .constdata          memp.o
    0x0800bb90   0x0000000c   Data   RO         4190    .constdata          etharp.o
    0x0800bb9c   0x00000050   Data   RO         4723    .constdata          tcp.o
    0x0800bbec   0x00000008   Data   RO         4958    .constdata          ip4_addr.o
    0x0800bbf4   0x00000075   Data   RO         4724    .conststring        tcp.o
    0x0800bc69   0x00000003   PAD
    0x0800bc6c   0x00000004   Data   RO         5969    .conststring        usbh_cdc.o
    0x0800bc70   0x00000020   Data   RO         6222    Region$$Table       anon$$obj.o


    Execution Region RW_IRAM1 (Base: 0x20000000, Size: 0x000076d0, Max: 0x00020000, ABSOLUTE, COMPRESSED[0x00000054])

    Base Addr    Size         Type   Attr      Idx    E Section Name        Object

    0x20000000   0x00000004   Data   RW         1454    .data               stm32f4xx_hal.o
    0x20000004   0x0000000c   Data   RW         2216    .data               main.o
    0x20000010   0x00000001   Data   RW         2367    .data               usb_host.o
    0x20000011   0x00000003   PAD
    0x20000014   0x00000014   Data   RW         2661    .data               lwip.o
    0x20000028   0x00000004   Data   RW         2698    .data               system_stm32f4xx.o
    0x2000002c   0x00000009   Data   RW         2879    .data               netif.o
    0x20000035   0x00000003   PAD
    0x20000038   0x0000000c   Data   RW         3432    .data               mem.o
    0x20000044   0x00000048   Data   RW         3617    .data               memp.o
    0x2000008c   0x00000008   Data   RW         3825    .data               dhcp.o
    0x20000094   0x00000008   Data   RW         4033    .data               udp.o
    0x2000009c   0x00000001   Data   RW         4191    .data               etharp.o
    0x2000009d   0x00000003   PAD
    0x200000a0   0x00000006   Data   RW         4340    .data               ip_frag.o
    0x200000a6   0x00000002   PAD
    0x200000a8   0x0000000c   Data   RW         4571    .data               lwip_timers.o
    0x200000b4   0x00000020   Data   RW         4725    .data               tcp.o
    0x200000d4   0x00000002   Data   RW         5023    .data               ip4.o
    0x200000d6   0x00000002   PAD
    0x200000d8   0x00000028   Data   RW         5185    .data               tcp_in.o
    0x20000100   0x00000001   Data   RW         5384    .data               pbuf.o
    0x20000101   0x00000003   PAD
    0x20000104   0x0000000a   Data   RW         5729    .data               usbh_core.o
    0x2000010e   0x00000002   PAD
    0x20000110   0x00000021   Data   RW         5970    .data               usbh_cdc.o
    0x20000131   0x00000003   PAD
    0x20000134   0x00000004   Data   RW         6164    .data               mc_w.l(rand.o)
    0x20000138   0x00000004   Data   RW         6218    .data               mc_w.l(mvars.o)
    0x2000013c   0x00000004   Data   RW         6219    .data               mc_w.l(mvars.o)
    0x20000140   0x00000040   Zero   RW         2214    .bss                main.o
    0x20000180   0x000003c8   Zero   RW         2366    .bss                usb_host.o
    0x20000548   0x000030e8   Zero   RW         2437    .bss                ethernetif.o
    0x20003630   0x00000298   Zero   RW         2532    .bss                usbh_conf.o
    0x200038c8   0x00000034   Zero   RW         2660    .bss                lwip.o
    0x200038fc   0x00000654   Zero   RW         3431    .bss                mem.o
    0x20003f50   0x00002eb0   Zero   RW         3615    .bss                memp.o
    0x20006e00   0x00000032   Zero   RW         3824    .bss                dhcp.o
    0x20006e32   0x00000002   PAD
    0x20006e34   0x000000f0   Zero   RW         4189    .bss                etharp.o
    0x20006f24   0x00000018   Zero   RW         5022    .bss                ip4.o
    0x20006f3c   0x00000010   Zero   RW         5184    .bss                tcp_in.o
    0x20006f4c   0x0000006c   Zero   RW         5728    .bss                usbh_core.o
    0x20006fb8   0x00000118   Zero   RW         6086    .bss                rndis.o
    0x200070d0   0x00000200   Zero   RW         2730    HEAP                startup_stm32f407xx.o
    0x200072d0   0x00000400   Zero   RW         2729    STACK               startup_stm32f407xx.o


==============================================================================

Image component sizes


      Code (inc. data)   RO Data    RW Data    ZI Data      Debug   Object Name

        62          0          0          0          0       2468   def.o
      4194        116          0          8         50      26040   dhcp.o
      2486         62         12          1        240      16196   etharp.o
       828         66          0          0      12520       6738   ethernetif.o
       508          4          0          0          0       4130   icmp.o
        28          0          0          0          0        584   init.o
       842         28          0          2         24       8598   ip4.o
        78          0          8          0          0       6422   ip4_addr.o
      1728         38          0          6          0      11382   ip_frag.o
       108         24          0         20         52        948   lwip.o
       500         86          0         12          0       5613   lwip_timers.o
       632         50          6         12         64      25993   main.o
       844         68          0         12       1620       5529   mem.o
       202         14        108         72      11952      11005   memp.o
       392         18          0          9          0      20618   netif.o
      1414         16          0          1          0      14029   pbuf.o
       502         32          0          0        280       7227   rndis.o
        36          8        392          0       1536        840   startup_stm32f407xx.o
       154         20          0          4          0       4439   stm32f4xx_hal.o
       308         22          0          0          0      32319   stm32f4xx_hal_cortex.o
      2486         52          0          0          0      13040   stm32f4xx_hal_eth.o
       532         46          0          0          0       3161   stm32f4xx_hal_gpio.o
      4482          4          0          0          0      13701   stm32f4xx_hal_hcd.o
       210         14          0          0          0       1625   stm32f4xx_hal_msp.o
         0          0          0          0          0     331416   stm32f4xx_hal_pwr_ex.o
      1668         70         16          0          0       5967   stm32f4xx_hal_rcc.o
       432         20          0          0          0       1464   stm32f4xx_hal_rcc_ex.o
       986          8          0          0          0       1932   stm32f4xx_hal_uart.o
        52          6          0          0          0       4950   stm32f4xx_it.o
      2258         52          0          0          0      17871   stm32f4xx_ll_usb.o
       100         18          0          4          0       1445   system_stm32f4xx.o
      3064        170        197         32          0      30879   tcp.o
      6112        330          0         40         16      21323   tcp_in.o
      2182          8          0          0          0      12975   tcp_out.o
      1176         34          0          8          0      16898   udp.o
       112         24          0          1        968      10046   usb_host.o
      1120          6          4         33          0      12261   usbh_cdc.o
       584         20          0          0        664      12300   usbh_conf.o
      1824         56          0         10        108      17698   usbh_core.o
      1318         12          0          0          0      12612   usbh_ctlreq.o
       226          0          0          0          0       4716   usbh_ioreq.o
       168          0          0          0          0       4222   usbh_pipes.o

    ----------------------------------------------------------------------
     46996       1622        780        308      30096     763620   Object Totals
         0          0         32          0          0          0   (incl. Generated)
        58          0          5         21          2          0   (incl. Padding)

    ----------------------------------------------------------------------

      Code (inc. data)   RO Data    RW Data    ZI Data      Debug   Library Member Name

        86          0          0          0          0          0   __dczerorl2.o
         0          0          0          0          0          0   entry.o
         0          0          0          0          0          0   entry10a.o
         0          0          0          0          0          0   entry11a.o
         8          4          0          0          0          0   entry2.o
         4          0          0          0          0          0   entry5.o
         0          0          0          0          0          0   entry7b.o
         0          0          0          0          0          0   entry8b.o
         8          4          0          0          0          0   entry9a.o
        30          0          0          0          0          0   handlers.o
        36          8          0          0          0         68   init.o
       188         20          0          0          0        160   malloc.o
        26          0          0          0          0         80   memcmp.o
        36          0          0          0          0         68   memcpya.o
        36          0          0          0          0        108   memseta.o
         0          0          0          8          0          0   mvars.o
        36         10          0          4          0        136   rand.o

    ----------------------------------------------------------------------
       496         46          0         12          0        620   Library Totals
         2          0          0          0          0          0   (incl. Padding)

    ----------------------------------------------------------------------

      Code (inc. data)   RO Data    RW Data    ZI Data      Debug   Library Name

       494         46          0         12          0        620   mc_w.l

    ----------------------------------------------------------------------
       496         46          0         12          0        620   Library Totals

    ----------------------------------------------------------------------

==============================================================================


      Code (inc. data)   RO Data    RW Data    ZI Data      Debug   

     47492       1668        780        320      30096     729816   Grand Totals
     47492       1668        780         84      30096     729816   ELF Image Totals (compressed)
     47492       1668        780         84          0          0   ROM Totals

==============================================================================

    Total RO  Size (Code + RO Data)                48272 (  47.14kB)
    Total RW  Size (RW Data + ZI Data)             30416 (  29.70kB)
    Total ROM Size (Code + RO Data + RW Data)      48356 (  47.22kB)

==============================================================================

